ASxxxx Linker V03.00 + NoICE + sdld,  page 1.
Hexadecimal  [32-Bits]

Area                                    Addr        Size        Decimal Bytes (Attributes)
--------------------------------        ----        ----        ------- ----- ------------
.  .ABS.                            00000000    00000000 =           0. bytes (ABS,CON)

      Value  Global                              Global Defined In Module
      -----  --------------------------------   ------------------------
     00000000  .__.ABS.                           cpct_keyboard
     00000000  l__CABS                         
     00000000  l__DABS                         
     00000000  l__GSFINAL                      
     00000000  l__GSINIT                       
     00000000  l__HOME                         
     00000000  s__CABS                         
     00000000  s__DABS                         
     00000006  l__DATA                         
     00000012  l__INITIALIZED                  
     00000012  l__INITIALIZER                  
     00000100  s__CODE                         
     000018B0  l__CODE                         
     000019B0  s__DATA                         
     000019B6  s__INITIALIZED                  
     000019C8  s__GSFINAL                      
     000019C8  s__GSINIT                       
     000019C8  s__HOME                         
     000019C8  s__INITIALIZER                  

ASxxxx Linker V03.00 + NoICE + sdld,  page 2.
Hexadecimal  [32-Bits]

Area                                    Addr        Size        Decimal Bytes (Attributes)
--------------------------------        ----        ----        ------- ----- ------------
_CODE                               00000100    000018B0 =        6320. bytes (REL,CON)

      Value  Global                              Global Defined In Module
      -----  --------------------------------   ------------------------
     00000100  _initAcel                          IA
     0000020A  _cerca                             IA
     00000215  _medio                             IA
     00000220  _lejos                             IA
     0000022B  _acelMu                            IA
     00000236  _acelPo                            IA
     00000241  _acelMed                           IA
     0000024C  _rulex                             IA
     00000250  _rulex1                            IA
     00000254  _rulex2                            IA
     00000258  _ruley                             IA
     0000025C  _ruley1                            IA
     00000260  _ruley2                            IA
     00000264  _calculateDom                      IA
     0000058A  _defuzzi                           IA
     00000697  _calcule                           IA
     0000071F  _calcularb_direc                   IA
     00000754  _fuzzificacion                     IA
     000008B3  _moveIA                            IA
     00000903  entityDraw                         
     00000924  entityErase                        
     0000093E  entityUpdatePhysics                
     00000A43  entityCheckCollision               
     00000A98  entityUpdatePosition               
     00000B14  negateHL                           
     00000B45  frisbee_data                       
     00000B5E  init_data                          
     00000B77  frisbee_setOff                     
     00000B7D  frisbee_restart                    
     00000BA6  frisbee_erase                      
     00000BAE  frisbee_setVelocities              
     00000BE5  frisbee_setEffect                  
     00000BF0  frisbee_update                     
     00000C0B  frisbee_draw                       
     00000C27  frisbee_checkGoal                  
     00000C49  _main                              
     00000C55  _cpct_keyboardStatusBuffer         cpct_keyboard
     00000C5F  player_erase                       cpct_keyboard
     00000C6E  player_update                      cpct_keyboard
     00000E7E  menuStart                          
     00000E85  player_data                        
     00000E9C  enemy_data                         
     00000EB3  player_2_data                      
     00000ECA  enemy_2_data                       
     00000EE1  game_data                          
     00000EE1  game_type                          
     00000EF1  gameStart                          
     00000F03  getVideoPtr                        
     00000F07  incTeam1Points                     
     00000F13  incTeam2Points                     
ASxxxx Linker V03.00 + NoICE + sdld,  page 3.
Hexadecimal  [32-Bits]

Area                                    Addr        Size        Decimal Bytes (Attributes)
--------------------------------        ----        ----        ------- ----- ------------
_CODE                               00000100    000018B0 =        6320. bytes (REL,CON)

      Value  Global                              Global Defined In Module
      -----  --------------------------------   ------------------------
     00000F1F  play_music                         
     00000F2F  stop_music                         
     00000FE2  __divuint                          
     00000FEA  __divuchar                         
     00000FF1  __divu8                            
     00000FF4  __divu16                           
     00001023  _cpct_isKeyPressed                 cpct_keyboard
     00001023  cpct_isKeyPressed_asm              cpct_keyboard
     0000102F  cpct_setPalette_asm                cpct_video
     00001042  _cpct_akp_digidrumStatus           cpct_audio
     00001043  _cpct_akp_songLoopTimes            cpct_audio
     00001044  _cpct_akp_musicPlay                cpct_audio
     00001044  cpct_akp_musicPlay_asm             cpct_audio
     00001747  _cpct_akp_musicInit                cpct_audio
     0000174E  cpct_akp_musicInit_asm             cpct_audio
     000017A7  _cpct_akp_stop                     cpct_audio
     000017A7  cpct_akp_stop_asm                  cpct_audio
     000017BA  _cpct_akp_SFXGetInstrument         cpct_audio
     000017BF  cpct_akp_SFXGetInstrument_asm      cpct_audio
     000017D3  _cpct_akp_SFXInit                  cpct_audio
     000017DA  cpct_akp_SFXInit_asm               cpct_audio
     000017E1  _cpct_akp_SFXStopAll               cpct_audio
     000017E1  cpct_akp_SFXStopAll_asm            cpct_audio
     000017EE  _cpct_akp_SFXPlay                  cpct_audio
     00001800  cpct_akp_SFXPlay_asm               cpct_audio
     0000184D  _cpct_akp_SFXStop                  cpct_audio
     00001852  cpct_akp_SFXStop_asm               cpct_audio
     0000186B  __mulint                           
     00001871  __mul16                            
     00001885  _cpct_setVideoMemoryPage           cpct_video
     00001885  cpct_setVideoMemoryPage_asm        cpct_video
     0000188E  _cpct_waitVSYNC                    cpct_video
     0000188E  cpct_waitVSYNC_asm                 cpct_video
     00001896  cpct_setVideoMode_asm              cpct_video
     000018A3  cpct_memcpy_asm                    cpct_memutils
     000018A6  _cpct_disableFirmware              cpct_firmware
     000018A6  _cpct_removeInterruptHandler       cpct_firmware
     000018A6  cpct_disableFirmware_asm           cpct_firmware
     000018A6  cpct_removeInterruptHandler_asm    cpct_firmware
     000018B6  cpct_drawSolidBox_asm              cpct_sprites
     00001962  _cpct_mode_rom_status              cpct_firmware
     00001963  cpct_getScreenPtr_asm              cpct_video
     0000197F  _cpct_scanKeyboard                 cpct_keyboard
     0000197F  cpct_scanKeyboard_asm              cpct_keyboard

ASxxxx Linker V03.00 + NoICE + sdld,  page 4.
Hexadecimal  [32-Bits]

Area                                    Addr        Size        Decimal Bytes (Attributes)
--------------------------------        ----        ----        ------- ----- ------------
_DATA                               000019B0    00000006 =           6. bytes (REL,CON)

      Value  Global                              Global Defined In Module
      -----  --------------------------------   ------------------------
     000019B0  _aceleracion                       IA

ASxxxx Linker V03.00 + NoICE + sdld,  page 5.
Hexadecimal  [32-Bits]

Area                                    Addr        Size        Decimal Bytes (Attributes)
--------------------------------        ----        ----        ------- ----- ------------
_INITIALIZED                        000019B6    00000012 =          18. bytes (REL,CON)

      Value  Global                              Global Defined In Module
      -----  --------------------------------   ------------------------
     000019B6  _vRulesx                           IA
     000019BC  _vRulesy                           IA
     000019C2  _fmems                             IA
ASxxxx Linker V03.00 + NoICE + sdld,  page 6.
Hexadecimal  [32-Bits]

Area                                    Addr        Size        Decimal Bytes (Attributes)
--------------------------------        ----        ----        ------- ----- ------------
_INITIALIZER                        000019C8    00000012 =          18. bytes (REL,CON)

      Value  Global                              Global Defined In Module
      -----  --------------------------------   ------------------------
ASxxxx Linker V03.00 + NoICE + sdld,  page 7.

Files Linked                              [ module(s) ]

obj/IA.rel                                [ IA ]
obj/entity.rel                            [  ]
obj/frisbee.rel                           [  ]
obj/entity.h.rel                          [  ]
obj/game.h.rel                            [  ]
obj/player.h.rel                          [  ]
obj/utility.h.rel                         [  ]
obj/main.rel                              [  ]
obj/menu.h.rel                            [  ]
obj/frisbee.h.rel                         [  ]
obj/credits.rel                           [  ]
obj/player.rel                            [ cpct_keyboard ]
obj/menu.rel                              [  ]
obj/game.rel                              [  ]


Libraries Linked                          [ object file ]

/home/pablo/cpctelera/cpctelera/cpctelera/tools/sdcc-3.6.8-r9946/bin/../share/sdcc/lib/z80/z80.lib
                                          [ divunsigned.rel ]
/home/pablo/cpctelera/cpctelera/cpctelera/cpctelera.lib
                                          [ cpct_isKeyPressed.rel ]
/home/pablo/cpctelera/cpctelera/cpctelera/cpctelera.lib
                                          [ cpct_setPalette_asmbindings.rel ]
/home/pablo/cpctelera/cpctelera/cpctelera/cpctelera.lib
                                          [ arkostracker.rel ]
/home/pablo/cpctelera/cpctelera/cpctelera/tools/sdcc-3.6.8-r9946/bin/../share/sdcc/lib/z80/z80.lib
                                          [ mul.rel ]
/home/pablo/cpctelera/cpctelera/cpctelera/cpctelera.lib
                                          [ cpct_setVideoMemoryPage.rel ]
/home/pablo/cpctelera/cpctelera/cpctelera/cpctelera.lib
                                          [ cpct_waitVSYNC.rel ]
/home/pablo/cpctelera/cpctelera/cpctelera/cpctelera.lib
                                          [ cpct_setVideoMode_asmbindings.re ]
/home/pablo/cpctelera/cpctelera/cpctelera/cpctelera.lib
                                          [ cpct_memcpy_asmbindings.rel ]
/home/pablo/cpctelera/cpctelera/cpctelera/cpctelera.lib
                                          [ cpct_removeInterruptHandler.rel ]
/home/pablo/cpctelera/cpctelera/cpctelera/cpctelera.lib
                                          [ cpct_drawSolidBox_asmbindings.re ]
/home/pablo/cpctelera/cpctelera/cpctelera/cpctelera.lib
                                          [ cpc_mode_rom_status.rel ]
/home/pablo/cpctelera/cpctelera/cpctelera/cpctelera.lib
                                          [ cpct_getScreenPtr_asmbindings.re ]
/home/pablo/cpctelera/cpctelera/cpctelera/cpctelera.lib
                                          [ cpct_scanKeyboard.rel ]

ASxxxx Linker V03.00 + NoICE + sdld,  page 8.

User Base Address Definitions

_CODE = 0x0100
_DATA = 0x0000

