ASxxxx Linker V03.00 + NoICE + sdld,  page 1.
Hexadecimal  [32-Bits]

Area                                    Addr        Size        Decimal Bytes (Attributes)
--------------------------------        ----        ----        ------- ----- ------------
.  .ABS.                            00000000    00000000 =           0. bytes (ABS,CON)

      Value  Global                              Global Defined In Module
      -----  --------------------------------   ------------------------
     00000000  .__.ABS.                           cpct_keyboard
     00000000  l__CABS                         
     00000000  l__DABS                         
     00000000  l__GSFINAL                      
     00000000  l__GSINIT                       
     00000000  l__HOME                         
     00000000  s__CABS                         
     00000000  s__DABS                         
     00000006  l__DATA                         
     00000012  l__INITIALIZED                  
     00000012  l__INITIALIZER                  
     00000100  s__CODE                         
     00001B87  l__CODE                         
     00001C87  s__DATA                         
     00001C8D  s__INITIALIZED                  
     00001C9F  s__GSFINAL                      
     00001C9F  s__GSINIT                       
     00001C9F  s__HOME                         
     00001C9F  s__INITIALIZER                  

ASxxxx Linker V03.00 + NoICE + sdld,  page 2.
Hexadecimal  [32-Bits]

Area                                    Addr        Size        Decimal Bytes (Attributes)
--------------------------------        ----        ----        ------- ----- ------------
_CODE                               00000100    00001B87 =        7047. bytes (REL,CON)

      Value  Global                              Global Defined In Module
      -----  --------------------------------   ------------------------
     00000100  _sprite_frisbee_1_0                frisbee_1
     00000140  _sprite_frisbee_1_1                frisbee_1
     00000180  _sprite_robot_2_0                  robot_2
     000001E4  _sprite_robot_2_1                  robot_2
     00000248  _sprite_palette                    robot_1
     00000258  _sprite_robot_1_0                  robot_1
     000002BC  _sprite_robot_1_1                  robot_1
     00000320  _initAcel                          IA
     00000436  _cerca                             IA
     00000441  _medio                             IA
     0000044C  _lejos                             IA
     00000457  _acelMu                            IA
     00000462  _acelPo                            IA
     0000046D  _acelMed                           IA
     00000478  _rulex                             IA
     0000047C  _rulex1                            IA
     00000480  _rulex2                            IA
     00000484  _ruley                             IA
     00000488  _ruley1                            IA
     0000048C  _ruley2                            IA
     00000490  _calculateDom                      IA
     000007B6  _defuzzi                           IA
     000008B7  _calcule                           IA
     0000093F  _calcularb_direc                   IA
     00000974  _fuzzificacion                     IA
     00000AD1  _moveIA                            IA
     00000B21  entityDraw                         
     00000B45  entityErase                        
     00000B5F  entityUpdatePhysics                
     00000C64  entityCheckCollision               
     00000CB9  entityUpdatePosition               
     00000D35  negateHL                           
     00000D66  frisbee_data                       
     00000D80  init_data                          
     00000D9A  frisbee_setOff                     
     00000DA0  frisbee_restart                    
     00000DC9  frisbee_erase                      
     00000DD1  frisbee_setVelocities              
     00000E08  frisbee_setEffect                  
     00000E13  frisbee_update                     
     00000E2E  frisbee_draw                       
     00000E4A  frisbee_checkGoal                  
     00000E6C  _main                              
     00000E78  _cpct_keyboardStatusBuffer         cpct_keyboard
     00000E82  player_erase                       cpct_keyboard
     00000E91  player_update                      cpct_keyboard
     000010A1  menuStart                          
     000010A8  player_data                        
     000010C0  enemy_data                         
     000010D8  player_2_data                      
ASxxxx Linker V03.00 + NoICE + sdld,  page 3.
Hexadecimal  [32-Bits]

Area                                    Addr        Size        Decimal Bytes (Attributes)
--------------------------------        ----        ----        ------- ----- ------------
_CODE                               00000100    00001B87 =        7047. bytes (REL,CON)

      Value  Global                              Global Defined In Module
      -----  --------------------------------   ------------------------
     000010F0  enemy_2_data                       
     00001108  game_data                          
     00001108  game_type                          
     00001118  gameStart                          
     0000112A  getVideoPtr                        
     0000112E  incTeam1Points                     
     0000113A  incTeam2Points                     
     00001146  play_music                         
     00001156  stop_music                         
     00001217  __divuint                          
     0000121F  __divuchar                         
     00001226  __divu8                            
     00001229  __divu16                           
     00001258  _cpct_isKeyPressed                 cpct_keyboard
     00001258  cpct_isKeyPressed_asm              cpct_keyboard
     00001264  cpct_setPalette_asm                cpct_video
     00001277  _cpct_akp_digidrumStatus           cpct_audio
     00001278  _cpct_akp_songLoopTimes            cpct_audio
     00001279  _cpct_akp_musicPlay                cpct_audio
     00001279  cpct_akp_musicPlay_asm             cpct_audio
     0000197C  _cpct_akp_musicInit                cpct_audio
     00001983  cpct_akp_musicInit_asm             cpct_audio
     000019DC  _cpct_akp_stop                     cpct_audio
     000019DC  cpct_akp_stop_asm                  cpct_audio
     000019EF  _cpct_akp_SFXGetInstrument         cpct_audio
     000019F4  cpct_akp_SFXGetInstrument_asm      cpct_audio
     00001A08  _cpct_akp_SFXInit                  cpct_audio
     00001A0F  cpct_akp_SFXInit_asm               cpct_audio
     00001A16  _cpct_akp_SFXStopAll               cpct_audio
     00001A16  cpct_akp_SFXStopAll_asm            cpct_audio
     00001A23  _cpct_akp_SFXPlay                  cpct_audio
     00001A35  cpct_akp_SFXPlay_asm               cpct_audio
     00001A82  _cpct_akp_SFXStop                  cpct_audio
     00001A87  cpct_akp_SFXStop_asm               cpct_audio
     00001AA0  cpct_drawSprite_asm                cpct_sprites
     00001B40  __mulint                           
     00001B48  __mul16                            
     00001B5C  _cpct_setVideoMemoryPage           cpct_video
     00001B5C  cpct_setVideoMemoryPage_asm        cpct_video
     00001B65  _cpct_waitVSYNC                    cpct_video
     00001B65  cpct_waitVSYNC_asm                 cpct_video
     00001B6D  cpct_setVideoMode_asm              cpct_video
     00001B7A  cpct_memcpy_asm                    cpct_memutils
     00001B7D  _cpct_disableFirmware              cpct_firmware
     00001B7D  _cpct_removeInterruptHandler       cpct_firmware
     00001B7D  cpct_disableFirmware_asm           cpct_firmware
     00001B7D  cpct_removeInterruptHandler_asm    cpct_firmware
     00001B8D  cpct_drawSolidBox_asm              cpct_sprites
     00001C39  _cpct_mode_rom_status              cpct_firmware
     00001C3A  cpct_getScreenPtr_asm              cpct_video
     00001C56  _cpct_scanKeyboard                 cpct_keyboard
ASxxxx Linker V03.00 + NoICE + sdld,  page 4.
Hexadecimal  [32-Bits]

Area                                    Addr        Size        Decimal Bytes (Attributes)
--------------------------------        ----        ----        ------- ----- ------------
_CODE                               00000100    00001B87 =        7047. bytes (REL,CON)

      Value  Global                              Global Defined In Module
      -----  --------------------------------   ------------------------
     00001C56  cpct_scanKeyboard_asm              cpct_keyboard
ASxxxx Linker V03.00 + NoICE + sdld,  page 5.
Hexadecimal  [32-Bits]

Area                                    Addr        Size        Decimal Bytes (Attributes)
--------------------------------        ----        ----        ------- ----- ------------
_DATA                               00001C87    00000006 =           6. bytes (REL,CON)

      Value  Global                              Global Defined In Module
      -----  --------------------------------   ------------------------
     00001C87  _aceleracion                       IA

ASxxxx Linker V03.00 + NoICE + sdld,  page 6.
Hexadecimal  [32-Bits]

Area                                    Addr        Size        Decimal Bytes (Attributes)
--------------------------------        ----        ----        ------- ----- ------------
_INITIALIZED                        00001C8D    00000012 =          18. bytes (REL,CON)

      Value  Global                              Global Defined In Module
      -----  --------------------------------   ------------------------
     00001C8D  _vRulesx                           IA
     00001C93  _vRulesy                           IA
     00001C99  _fmems                             IA
ASxxxx Linker V03.00 + NoICE + sdld,  page 7.
Hexadecimal  [32-Bits]

Area                                    Addr        Size        Decimal Bytes (Attributes)
--------------------------------        ----        ----        ------- ----- ------------
_INITIALIZER                        00001C9F    00000012 =          18. bytes (REL,CON)

      Value  Global                              Global Defined In Module
      -----  --------------------------------   ------------------------
ASxxxx Linker V03.00 + NoICE + sdld,  page 8.

Files Linked                              [ module(s) ]

obj/sprites/frisbee_1.rel                 [ frisbee_1 ]
obj/sprites/robot_2.rel                   [ robot_2 ]
obj/sprites/robot_1.rel                   [ robot_1 ]
obj/IA.rel                                [ IA ]
obj/entity.rel                            [  ]
obj/frisbee.rel                           [  ]
obj/entity.h.rel                          [  ]
obj/game.h.rel                            [  ]
obj/player.h.rel                          [  ]
obj/utility.h.rel                         [  ]
obj/main.rel                              [  ]
obj/menu.h.rel                            [  ]
obj/frisbee.h.rel                         [  ]
obj/credits.rel                           [  ]
obj/player.rel                            [ cpct_keyboard ]
obj/menu.rel                              [  ]
obj/game.rel                              [  ]


Libraries Linked                          [ object file ]

/home/markets/git/cpctelera/cpctelera/tools/sdcc-3.5.5/bin/../share/sdcc/lib/z80/z80.lib
                                          [ divunsigned.rel ]
/home/markets/git/cpctelera/cpctelera/cpctelera.lib
                                          [ cpct_isKeyPressed.rel ]
/home/markets/git/cpctelera/cpctelera/cpctelera.lib
                                          [ cpct_setPalette_asmbindings.rel ]
/home/markets/git/cpctelera/cpctelera/cpctelera.lib
                                          [ arkostracker.rel ]
/home/markets/git/cpctelera/cpctelera/cpctelera.lib
                                          [ cpct_drawSprite_asmbindings.rel ]
/home/markets/git/cpctelera/cpctelera/tools/sdcc-3.5.5/bin/../share/sdcc/lib/z80/z80.lib
                                          [ mul.rel ]
/home/markets/git/cpctelera/cpctelera/cpctelera.lib
                                          [ cpct_setVideoMemoryPage.rel ]
/home/markets/git/cpctelera/cpctelera/cpctelera.lib
                                          [ cpct_waitVSYNC.rel ]
/home/markets/git/cpctelera/cpctelera/cpctelera.lib
                                          [ cpct_setVideoMode_asmbindings.re ]
/home/markets/git/cpctelera/cpctelera/cpctelera.lib
                                          [ cpct_memcpy_asmbindings.rel ]
/home/markets/git/cpctelera/cpctelera/cpctelera.lib
                                          [ cpct_removeInterruptHandler.rel ]
/home/markets/git/cpctelera/cpctelera/cpctelera.lib
                                          [ cpct_drawSolidBox_asmbindings.re ]
/home/markets/git/cpctelera/cpctelera/cpctelera.lib
                                          [ cpc_mode_rom_status.rel ]
/home/markets/git/cpctelera/cpctelera/cpctelera.lib
                                          [ cpct_getScreenPtr_asmbindings.re ]
/home/markets/git/cpctelera/cpctelera/cpctelera.lib
                                          [ cpct_scanKeyboard.rel ]

ASxxxx Linker V03.00 + NoICE + sdld,  page 9.

User Base Address Definitions

_CODE = 0x0100
_DATA = 0x0000

