ASxxxx Linker V03.00 + NoICE + sdld,  page 1.
Hexadecimal  [32-Bits]

Area                                    Addr        Size        Decimal Bytes (Attributes)
--------------------------------        ----        ----        ------- ----- ------------
.  .ABS.                            00000000    00000000 =           0. bytes (ABS,CON)

      Value  Global                              Global Defined In Module
      -----  --------------------------------   ------------------------
     00000000  .__.ABS.                           cpct_keyboard
     00000000  l__DATA                         
     00000100  s__CODE                         
     00000436  l__CODE                         
     00000536  s__DATA                         

ASxxxx Linker V03.00 + NoICE + sdld,  page 2.
Hexadecimal  [32-Bits]

Area                                    Addr        Size        Decimal Bytes (Attributes)
--------------------------------        ----        ----        ------- ----- ------------
_CODE                               00000100    00000436 =        1078. bytes (REL,CON)

      Value  Global                              Global Defined In Module
      -----  --------------------------------   ------------------------
     00000100  entityDraw                         
     0000011A  entityErase                        
     00000133  entityUpdatePhysics                
     00000187  entityCheckCollision               
     00000224  frisbee_data                       
     00000234  frisbee_setOff                     
     0000023A  frisbee_erase                      
     00000242  frisbee_update                     
     0000025A  frisbee_draw                       
     000002B9  game_data                          
     000002BE  gameaux_data                       
     000002C3  _main                              
     000002CF  _cpct_keyboardStatusBuffer         cpct_keyboard
     000002D9  player_data                        cpct_keyboard
     000002E9  enemy_data                         cpct_keyboard
     000002F9  player_erase                       cpct_keyboard
     00000308  player_update                      cpct_keyboard
     0000031A  player_draw                        cpct_keyboard
     000003CC  menuStart                          
     000003D5  gameStart                          
     000003F8  _cpct_isKeyPressed                 cpct_keyboard
     000003F8  cpct_isKeyPressed_asm              cpct_keyboard
     00000404  cpct_setPalette_asm                cpct_video
     00000417  _cpct_waitVSYNC                    cpct_video
     00000417  cpct_waitVSYNC_asm                 cpct_video
     0000041F  cpct_setVideoMode_asm              cpct_video
     0000042C  _cpct_disableFirmware              cpct_firmware
     0000042C  _cpct_removeInterruptHandler       cpct_firmware
     0000042C  cpct_disableFirmware_asm           cpct_firmware
     0000042C  cpct_removeInterruptHandler_asm    cpct_firmware
     0000043C  cpct_drawSolidBox_asm              cpct_sprites
     000004E8  _cpct_mode_rom_status              cpct_firmware
     000004E9  cpct_getScreenPtr_asm              cpct_video
     00000505  _cpct_scanKeyboard                 cpct_keyboard
     00000505  cpct_scanKeyboard_asm              cpct_keyboard

ASxxxx Linker V03.00 + NoICE + sdld,  page 3.

Files Linked                              [ module(s) ]

obj/entity.rel                            [  ]
obj/frisbee.rel                           [  ]
obj/entity.h.rel                          [  ]
obj/game.h.rel                            [  ]
obj/player.h.rel                          [  ]
obj/utility.h.rel                         [  ]
obj/main.rel                              [  ]
obj/menu.h.rel                            [  ]
obj/frisbee.h.rel                         [  ]
obj/player.rel                            [ cpct_keyboard ]
obj/menu.rel                              [  ]
obj/game.rel                              [  ]


Libraries Linked                          [ object file ]

/home/markets/git/cpctelera/cpctelera/cpctelera.lib
                                          [ cpct_isKeyPressed.rel ]
/home/markets/git/cpctelera/cpctelera/cpctelera.lib
                                          [ cpct_setPalette_asmbindings.rel ]
/home/markets/git/cpctelera/cpctelera/cpctelera.lib
                                          [ cpct_waitVSYNC.rel ]
/home/markets/git/cpctelera/cpctelera/cpctelera.lib
                                          [ cpct_setVideoMode_asmbindings.re ]
/home/markets/git/cpctelera/cpctelera/cpctelera.lib
                                          [ cpct_removeInterruptHandler.rel ]
/home/markets/git/cpctelera/cpctelera/cpctelera.lib
                                          [ cpct_drawSolidBox_asmbindings.re ]
/home/markets/git/cpctelera/cpctelera/cpctelera.lib
                                          [ cpc_mode_rom_status.rel ]
/home/markets/git/cpctelera/cpctelera/cpctelera.lib
                                          [ cpct_getScreenPtr_asmbindings.re ]
/home/markets/git/cpctelera/cpctelera/cpctelera.lib
                                          [ cpct_scanKeyboard.rel ]

ASxxxx Linker V03.00 + NoICE + sdld,  page 4.

User Base Address Definitions

_CODE = 0x0100
_DATA = 0x0000

