ASxxxx Linker V03.00 + NoICE + sdld,  page 1.
Hexadecimal  [32-Bits]

Area                                    Addr        Size        Decimal Bytes (Attributes)
--------------------------------        ----        ----        ------- ----- ------------
.  .ABS.                            00000000    00000000 =           0. bytes (ABS,CON)

      Value  Global                              Global Defined In Module
      -----  --------------------------------   ------------------------
     00000000  .__.ABS.                           cpct_keyboard
     00000000  l__CABS                         
     00000000  l__DABS                         
     00000000  l__DATA                         
     00000000  l__GSFINAL                      
     00000000  l__GSINIT                       
     00000000  l__HOME                         
     00000000  l__INITIALIZED                  
     00000000  l__INITIALIZER                  
     00000000  s__CABS                         
     00000000  s__DABS                         
     00000100  s__CODE                         
     00000500  l__CODE                         
     00000600  s__DATA                         
     00000600  s__GSFINAL                      
     00000600  s__GSINIT                       
     00000600  s__HOME                         
     00000600  s__INITIALIZED                  
     00000600  s__INITIALIZER                  

ASxxxx Linker V03.00 + NoICE + sdld,  page 2.
Hexadecimal  [32-Bits]

Area                                    Addr        Size        Decimal Bytes (Attributes)
--------------------------------        ----        ----        ------- ----- ------------
_CODE                               00000100    00000500 =        1280. bytes (REL,CON)

      Value  Global                              Global Defined In Module
      -----  --------------------------------   ------------------------
     00000100  _moveIA                            IA
     00000101  entityDraw                         
     0000011B  entityErase                        
     00000134  entityUpdatePhysics                
     00000185  entityCheckCollision               
     000001DA  entityUpdatePosition               
     0000024D  frisbee_data                       
     00000260  frisbee_setOff                     
     00000266  frisbee_erase                      
     0000026E  frisbee_setVelocities              
     0000027F  frisbee_setEffect                  
     00000283  frisbee_update                     
     0000029E  frisbee_draw                       
     0000031C  game_data                          
     00000321  _main                              
     0000032D  _cpct_keyboardStatusBuffer         cpct_keyboard
     00000337  player_data                        cpct_keyboard
     00000348  enemy_data                         cpct_keyboard
     00000359  player_erase                       cpct_keyboard
     00000368  player_update                      cpct_keyboard
     0000039E  player_draw                        cpct_keyboard
     00000496  menuStart                          
     0000049F  gameStart                          
     000004C2  _cpct_isKeyPressed                 cpct_keyboard
     000004C2  cpct_isKeyPressed_asm              cpct_keyboard
     000004CE  cpct_setPalette_asm                cpct_video
     000004E1  _cpct_waitVSYNC                    cpct_video
     000004E1  cpct_waitVSYNC_asm                 cpct_video
     000004E9  cpct_setVideoMode_asm              cpct_video
     000004F6  _cpct_disableFirmware              cpct_firmware
     000004F6  _cpct_removeInterruptHandler       cpct_firmware
     000004F6  cpct_disableFirmware_asm           cpct_firmware
     000004F6  cpct_removeInterruptHandler_asm    cpct_firmware
     00000506  cpct_drawSolidBox_asm              cpct_sprites
     000005B2  _cpct_mode_rom_status              cpct_firmware
     000005B3  cpct_getScreenPtr_asm              cpct_video
     000005CF  _cpct_scanKeyboard                 cpct_keyboard
     000005CF  cpct_scanKeyboard_asm              cpct_keyboard

ASxxxx Linker V03.00 + NoICE + sdld,  page 3.

Files Linked                              [ module(s) ]

obj/IA.rel                                [ IA ]
obj/entity.rel                            [  ]
obj/frisbee.rel                           [  ]
obj/entity.h.rel                          [  ]
obj/game.h.rel                            [  ]
obj/player.h.rel                          [  ]
obj/utility.h.rel                         [  ]
obj/main.rel                              [  ]
obj/menu.h.rel                            [  ]
obj/frisbee.h.rel                         [  ]
obj/player.rel                            [ cpct_keyboard ]
obj/menu.rel                              [  ]
obj/game.rel                              [  ]


Libraries Linked                          [ object file ]

/home/markets/git/cpctelera/cpctelera/cpctelera.lib
                                          [ cpct_isKeyPressed.rel ]
/home/markets/git/cpctelera/cpctelera/cpctelera.lib
                                          [ cpct_setPalette_asmbindings.rel ]
/home/markets/git/cpctelera/cpctelera/cpctelera.lib
                                          [ cpct_waitVSYNC.rel ]
/home/markets/git/cpctelera/cpctelera/cpctelera.lib
                                          [ cpct_setVideoMode_asmbindings.re ]
/home/markets/git/cpctelera/cpctelera/cpctelera.lib
                                          [ cpct_removeInterruptHandler.rel ]
/home/markets/git/cpctelera/cpctelera/cpctelera.lib
                                          [ cpct_drawSolidBox_asmbindings.re ]
/home/markets/git/cpctelera/cpctelera/cpctelera.lib
                                          [ cpc_mode_rom_status.rel ]
/home/markets/git/cpctelera/cpctelera/cpctelera.lib
                                          [ cpct_getScreenPtr_asmbindings.re ]
/home/markets/git/cpctelera/cpctelera/cpctelera.lib
                                          [ cpct_scanKeyboard.rel ]

ASxxxx Linker V03.00 + NoICE + sdld,  page 4.

User Base Address Definitions

_CODE = 0x0100
_DATA = 0x0000

