ASxxxx Linker V03.00 + NoICE + sdld,  page 1.
Hexadecimal  [32-Bits]

Area                                    Addr        Size        Decimal Bytes (Attributes)
--------------------------------        ----        ----        ------- ----- ------------
.  .ABS.                            00000000    00000000 =           0. bytes (ABS,CON)

      Value  Global                              Global Defined In Module
      -----  --------------------------------   ------------------------
     00000000  .__.ABS.                           cpct_keyboard
     00000000  l__CABS                         
     00000000  l__DABS                         
     00000000  l__DATA                         
     00000000  l__GSFINAL                      
     00000000  l__GSINIT                       
     00000000  l__HOME                         
     00000000  l__INITIALIZED                  
     00000000  l__INITIALIZER                  
     00000000  s__CABS                         
     00000000  s__DABS                         
     00000100  s__CODE                         
     000005DE  l__CODE                         
     000006DE  s__DATA                         
     000006DE  s__GSFINAL                      
     000006DE  s__GSINIT                       
     000006DE  s__HOME                         
     000006DE  s__INITIALIZED                  
     000006DE  s__INITIALIZER                  

ASxxxx Linker V03.00 + NoICE + sdld,  page 2.
Hexadecimal  [32-Bits]

Area                                    Addr        Size        Decimal Bytes (Attributes)
--------------------------------        ----        ----        ------- ----- ------------
_CODE                               00000100    000005DE =        1502. bytes (REL,CON)

      Value  Global                              Global Defined In Module
      -----  --------------------------------   ------------------------
     00000100  _moveIA                            IA
     00000101  entityDraw                         
     0000011B  entityErase                        
     00000134  entityUpdatePhysics                
     000001E7  entityCheckCollision               
     0000023C  entityUpdatePosition               
     000002C2  negateHL                           
     000002CB  frisbee_data                       
     000002E0  init_data                          
     000002F5  frisbee_setOff                     
     000002FB  frisbee_restart                    
     00000307  frisbee_erase                      
     0000030F  frisbee_setVelocities              
     00000320  frisbee_setEffect                  
     0000032B  frisbee_update                     
     00000349  frisbee_draw                       
     000003DE  game_data                          
     000003DE  game_type                          
     000003DF  game_map                           
     000003E1  game_fTime                         
     000003E3  game_t1points                      
     000003E4  game_t2points                      
     000003E5  _main                              
     000003F1  _cpct_keyboardStatusBuffer         cpct_keyboard
     000003FB  player_data                        cpct_keyboard
     0000040E  enemy_data                         cpct_keyboard
     00000421  player_erase                       cpct_keyboard
     00000430  player_update                      cpct_keyboard
     00000474  player_draw                        cpct_keyboard
     00000569  menuStart                          
     00000572  gameStart                          
     0000059D  _cpct_isKeyPressed                 cpct_keyboard
     0000059D  cpct_isKeyPressed_asm              cpct_keyboard
     000005A9  cpct_setPalette_asm                cpct_video
     000005BC  _cpct_waitVSYNC                    cpct_video
     000005BC  cpct_waitVSYNC_asm                 cpct_video
     000005C4  cpct_setVideoMode_asm              cpct_video
     000005D1  cpct_memcpy_asm                    cpct_memutils
     000005D4  _cpct_disableFirmware              cpct_firmware
     000005D4  _cpct_removeInterruptHandler       cpct_firmware
     000005D4  cpct_disableFirmware_asm           cpct_firmware
     000005D4  cpct_removeInterruptHandler_asm    cpct_firmware
     000005E4  cpct_drawSolidBox_asm              cpct_sprites
     00000690  _cpct_mode_rom_status              cpct_firmware
     00000691  cpct_getScreenPtr_asm              cpct_video
     000006AD  _cpct_scanKeyboard                 cpct_keyboard
     000006AD  cpct_scanKeyboard_asm              cpct_keyboard

ASxxxx Linker V03.00 + NoICE + sdld,  page 3.

Files Linked                              [ module(s) ]

obj/IA.rel                                [ IA ]
obj/entity.rel                            [  ]
obj/frisbee.rel                           [  ]
obj/entity.h.rel                          [  ]
obj/game.h.rel                            [  ]
obj/player.h.rel                          [  ]
obj/utility.h.rel                         [  ]
obj/main.rel                              [  ]
obj/menu.h.rel                            [  ]
obj/frisbee.h.rel                         [  ]
obj/player.rel                            [ cpct_keyboard ]
obj/menu.rel                              [  ]
obj/game.rel                              [  ]


Libraries Linked                          [ object file ]

/home/markets/git/cpctelera/cpctelera/cpctelera.lib
                                          [ cpct_isKeyPressed.rel ]
/home/markets/git/cpctelera/cpctelera/cpctelera.lib
                                          [ cpct_setPalette_asmbindings.rel ]
/home/markets/git/cpctelera/cpctelera/cpctelera.lib
                                          [ cpct_waitVSYNC.rel ]
/home/markets/git/cpctelera/cpctelera/cpctelera.lib
                                          [ cpct_setVideoMode_asmbindings.re ]
/home/markets/git/cpctelera/cpctelera/cpctelera.lib
                                          [ cpct_memcpy_asmbindings.rel ]
/home/markets/git/cpctelera/cpctelera/cpctelera.lib
                                          [ cpct_removeInterruptHandler.rel ]
/home/markets/git/cpctelera/cpctelera/cpctelera.lib
                                          [ cpct_drawSolidBox_asmbindings.re ]
/home/markets/git/cpctelera/cpctelera/cpctelera.lib
                                          [ cpc_mode_rom_status.rel ]
/home/markets/git/cpctelera/cpctelera/cpctelera.lib
                                          [ cpct_getScreenPtr_asmbindings.re ]
/home/markets/git/cpctelera/cpctelera/cpctelera.lib
                                          [ cpct_scanKeyboard.rel ]

ASxxxx Linker V03.00 + NoICE + sdld,  page 4.

User Base Address Definitions

_CODE = 0x0100
_DATA = 0x0000

