ASxxxx Linker V03.00 + NoICE + sdld,  page 1.
Hexadecimal  [32-Bits]

Area                                    Addr        Size        Decimal Bytes (Attributes)
--------------------------------        ----        ----        ------- ----- ------------
.  .ABS.                            00000000    00000000 =           0. bytes (ABS,CON)

      Value  Global                              Global Defined In Module
      -----  --------------------------------   ------------------------
     00000000  .__.ABS.                           cpct_keyboard
     00000000  l__CABS                         
     00000000  l__DABS                         
     00000000  l__GSFINAL                      
     00000000  l__GSINIT                       
     00000000  l__HOME                         
     00000000  s__CABS                         
     00000000  s__DABS                         
     00000006  l__DATA                         
     00000012  l__INITIALIZED                  
     00000012  l__INITIALIZER                  
     00000100  s__CODE                         
     00001859  l__CODE                         
     00001959  s__DATA                         
     0000195F  s__INITIALIZED                  
     00001971  s__GSFINAL                      
     00001971  s__GSINIT                       
     00001971  s__HOME                         
     00001971  s__INITIALIZER                  

ASxxxx Linker V03.00 + NoICE + sdld,  page 2.
Hexadecimal  [32-Bits]

Area                                    Addr        Size        Decimal Bytes (Attributes)
--------------------------------        ----        ----        ------- ----- ------------
_CODE                               00000100    00001859 =        6233. bytes (REL,CON)

      Value  Global                              Global Defined In Module
      -----  --------------------------------   ------------------------
     00000100  _initAcel                          IA
     0000020A  _cerca                             IA
     00000215  _medio                             IA
     00000220  _lejos                             IA
     0000022B  _acelMu                            IA
     00000236  _acelPo                            IA
     00000241  _acelMed                           IA
     0000024C  _rulex                             IA
     00000250  _rulex1                            IA
     00000254  _rulex2                            IA
     00000258  _ruley                             IA
     0000025C  _ruley1                            IA
     00000260  _ruley2                            IA
     00000264  _calculateDom                      IA
     00000572  _defuzzi                           IA
     0000067B  _calcule                           IA
     00000703  _calcularb_direc                   IA
     00000738  _fuzzificacion                     IA
     00000897  _moveIA                            IA
     000008E7  entityDraw                         
     00000908  entityErase                        
     00000922  entityUpdatePhysics                
     00000A27  entityCheckCollision               
     00000A7C  entityUpdatePosition               
     00000AF8  negateHL                           
     00000B29  _main                              
     00000B34  game_data                          
     00000B3F  gameStart                          
     00000B46  getVideoPtr                        
     00000B4A  incTeam1Points                     
     00000B59  incTeam2Points                     
     00000B6C  play_music                         
     00000B7C  stop_music                         
     00000BDD  player_data                        cpct_keyboard
     00000BF4  enemy_data                         cpct_keyboard
     00000C0B  player_2_data                      cpct_keyboard
     00000C22  enemy_2_data                       cpct_keyboard
     00000C39  player_erase                       cpct_keyboard
     00000C48  player_update                      cpct_keyboard
     00000C7D  player_draw                        cpct_keyboard
     00000E7C  menuStart                          
     00000E85  frisbee_data                       
     00000E9E  init_data                          
     00000EB7  frisbee_setOff                     
     00000EBD  frisbee_restart                    
     00000EE6  frisbee_erase                      
     00000EEE  frisbee_setVelocities              
     00000F25  frisbee_setEffect                  
     00000F30  frisbee_update                     
     00000F4B  frisbee_draw                       
ASxxxx Linker V03.00 + NoICE + sdld,  page 3.
Hexadecimal  [32-Bits]

Area                                    Addr        Size        Decimal Bytes (Attributes)
--------------------------------        ----        ----        ------- ----- ------------
_CODE                               00000100    00001859 =        6233. bytes (REL,CON)

      Value  Global                              Global Defined In Module
      -----  --------------------------------   ------------------------
     00000F67  frisbee_checkGoal                  
     00000F89  __divuint                          
     00000F91  __divuchar                         
     00000F98  __divu8                            
     00000F9B  __divu16                           
     00000FCA  _cpct_isKeyPressed                 cpct_keyboard
     00000FCA  cpct_isKeyPressed_asm              cpct_keyboard
     00000FD6  cpct_setPalette_asm                cpct_video
     00000FE9  _cpct_akp_digidrumStatus           cpct_audio
     00000FEA  _cpct_akp_songLoopTimes            cpct_audio
     00000FEB  _cpct_akp_musicPlay                cpct_audio
     00000FEB  cpct_akp_musicPlay_asm             cpct_audio
     000016EE  _cpct_akp_musicInit                cpct_audio
     000016F5  cpct_akp_musicInit_asm             cpct_audio
     0000174E  _cpct_akp_stop                     cpct_audio
     0000174E  cpct_akp_stop_asm                  cpct_audio
     00001761  _cpct_akp_SFXGetInstrument         cpct_audio
     00001766  cpct_akp_SFXGetInstrument_asm      cpct_audio
     0000177A  _cpct_akp_SFXInit                  cpct_audio
     00001781  cpct_akp_SFXInit_asm               cpct_audio
     00001788  _cpct_akp_SFXStopAll               cpct_audio
     00001788  cpct_akp_SFXStopAll_asm            cpct_audio
     00001795  _cpct_akp_SFXPlay                  cpct_audio
     000017A7  cpct_akp_SFXPlay_asm               cpct_audio
     000017F4  _cpct_akp_SFXStop                  cpct_audio
     000017F9  cpct_akp_SFXStop_asm               cpct_audio
     00001812  _cpct_keyboardStatusBuffer         cpct_keyboard
     0000181C  __mulint                           
     00001822  __mul16                            
     00001836  _cpct_setVideoMemoryPage           cpct_video
     00001836  cpct_setVideoMemoryPage_asm        cpct_video
     0000183F  _cpct_waitVSYNC                    cpct_video
     0000183F  cpct_waitVSYNC_asm                 cpct_video
     00001847  cpct_setVideoMode_asm              cpct_video
     00001854  cpct_memcpy_asm                    cpct_memutils
     00001857  _cpct_disableFirmware              cpct_firmware
     00001857  _cpct_removeInterruptHandler       cpct_firmware
     00001857  cpct_disableFirmware_asm           cpct_firmware
     00001857  cpct_removeInterruptHandler_asm    cpct_firmware
     00001867  cpct_drawSolidBox_asm              cpct_sprites
     0000190B  _cpct_mode_rom_status              cpct_firmware
     0000190C  cpct_getScreenPtr_asm              cpct_video
     00001928  _cpct_scanKeyboard                 cpct_keyboard
     00001928  cpct_scanKeyboard_asm              cpct_keyboard

ASxxxx Linker V03.00 + NoICE + sdld,  page 4.
Hexadecimal  [32-Bits]

Area                                    Addr        Size        Decimal Bytes (Attributes)
--------------------------------        ----        ----        ------- ----- ------------
_DATA                               00001959    00000006 =           6. bytes (REL,CON)

      Value  Global                              Global Defined In Module
      -----  --------------------------------   ------------------------
     00001959  _aceleracion                       IA

ASxxxx Linker V03.00 + NoICE + sdld,  page 5.
Hexadecimal  [32-Bits]

Area                                    Addr        Size        Decimal Bytes (Attributes)
--------------------------------        ----        ----        ------- ----- ------------
_INITIALIZED                        0000195F    00000012 =          18. bytes (REL,CON)

      Value  Global                              Global Defined In Module
      -----  --------------------------------   ------------------------
     0000195F  _vRulesx                           IA
     00001965  _vRulesy                           IA
     0000196B  _fmems                             IA
ASxxxx Linker V03.00 + NoICE + sdld,  page 6.
Hexadecimal  [32-Bits]

Area                                    Addr        Size        Decimal Bytes (Attributes)
--------------------------------        ----        ----        ------- ----- ------------
_INITIALIZER                        00001971    00000012 =          18. bytes (REL,CON)

      Value  Global                              Global Defined In Module
      -----  --------------------------------   ------------------------
ASxxxx Linker V03.00 + NoICE + sdld,  page 7.

Files Linked                              [ module(s) ]

obj/IA.rel                                [ IA ]
obj/entity.rel                            [  ]
obj/player.h.rel                          [  ]
obj/entity.h.rel                          [  ]
obj/game.h.rel                            [  ]
obj/utility.h.rel                         [  ]
obj/main.rel                              [  ]
obj/menu.h.rel                            [  ]
obj/game.rel                              [  ]
obj/frisbee.h.rel                         [  ]
obj/player.rel                            [ cpct_keyboard ]
obj/menu.rel                              [  ]
obj/frisbee.rel                           [  ]


Libraries Linked                          [ object file ]

/home/marcos/Downloads/git/cpctelera/cpctelera/tools/sdcc-3.6.8-r9946/bin/../share/sdcc/lib/z80/z80.lib
                                          [ divunsigned.rel ]
/home/marcos/Downloads/git/cpctelera/cpctelera/cpctelera.lib
                                          [ cpct_isKeyPressed.rel ]
/home/marcos/Downloads/git/cpctelera/cpctelera/cpctelera.lib
                                          [ cpct_setPalette_asmbindings.rel ]
/home/marcos/Downloads/git/cpctelera/cpctelera/cpctelera.lib
                                          [ arkostracker.rel ]
/home/marcos/Downloads/git/cpctelera/cpctelera/cpctelera.lib
                                          [ keyboard.rel ]
/home/marcos/Downloads/git/cpctelera/cpctelera/tools/sdcc-3.6.8-r9946/bin/../share/sdcc/lib/z80/z80.lib
                                          [ mul.rel ]
/home/marcos/Downloads/git/cpctelera/cpctelera/cpctelera.lib
                                          [ cpct_setVideoMemoryPage.rel ]
/home/marcos/Downloads/git/cpctelera/cpctelera/cpctelera.lib
                                          [ cpct_waitVSYNC.rel ]
/home/marcos/Downloads/git/cpctelera/cpctelera/cpctelera.lib
                                          [ cpct_setVideoMode_asmbindings.re ]
/home/marcos/Downloads/git/cpctelera/cpctelera/cpctelera.lib
                                          [ cpct_memcpy_asmbindings.rel ]
/home/marcos/Downloads/git/cpctelera/cpctelera/cpctelera.lib
                                          [ cpct_removeInterruptHandler.rel ]
/home/marcos/Downloads/git/cpctelera/cpctelera/cpctelera.lib
                                          [ cpct_drawSolidBox_asmbindings.re ]
/home/marcos/Downloads/git/cpctelera/cpctelera/cpctelera.lib
                                          [ cpc_mode_rom_status.rel ]
/home/marcos/Downloads/git/cpctelera/cpctelera/cpctelera.lib
                                          [ cpct_getScreenPtr_asmbindings.re ]
/home/marcos/Downloads/git/cpctelera/cpctelera/cpctelera.lib
                                          [ cpct_scanKeyboard.rel ]

ASxxxx Linker V03.00 + NoICE + sdld,  page 8.

User Base Address Definitions

_CODE = 0x0100
_DATA = 0x0000

