ASxxxx Linker V03.00 + NoICE + sdld,  page 1.
Hexadecimal  [32-Bits]

Area                                    Addr        Size        Decimal Bytes (Attributes)
--------------------------------        ----        ----        ------- ----- ------------
.  .ABS.                            00000000    00000000 =           0. bytes (ABS,CON)

      Value  Global                              Global Defined In Module
      -----  --------------------------------   ------------------------
     00000000  .__.ABS.                           cpct_keyboard
     00000000  l__CABS                         
     00000000  l__DABS                         
     00000000  l__DATA                         
     00000000  l__GSFINAL                      
     00000000  l__GSINIT                       
     00000000  l__HOME                         
     00000000  l__INITIALIZED                  
     00000000  l__INITIALIZER                  
     00000000  s__CABS                         
     00000000  s__DABS                         
     00000100  s__CODE                         
     0000053E  l__CODE                         
     0000063E  s__DATA                         
     0000063E  s__GSFINAL                      
     0000063E  s__GSINIT                       
     0000063E  s__HOME                         
     0000063E  s__INITIALIZED                  
     0000063E  s__INITIALIZER                  

ASxxxx Linker V03.00 + NoICE + sdld,  page 2.
Hexadecimal  [32-Bits]

Area                                    Addr        Size        Decimal Bytes (Attributes)
--------------------------------        ----        ----        ------- ----- ------------
_CODE                               00000100    0000053E =        1342. bytes (REL,CON)

      Value  Global                              Global Defined In Module
      -----  --------------------------------   ------------------------
     00000100  _moveIA                            IA
     0000013F  entityDraw                         
     00000159  entityErase                        
     00000172  entityUpdatePhysics                
     000001C3  entityCheckCollision               
     00000218  entityUpdatePosition               
     0000028B  frisbee_data                       
     0000029E  frisbee_setOff                     
     000002A4  frisbee_erase                      
     000002AC  frisbee_setVelocities              
     000002BD  frisbee_setEffect                  
     000002C1  frisbee_update                     
     000002DC  frisbee_draw                       
     0000035A  game_data                          
     0000035F  _main                              
     0000036B  _cpct_keyboardStatusBuffer         cpct_keyboard
     00000375  player_data                        cpct_keyboard
     00000386  enemy_data                         cpct_keyboard
     00000397  player_erase                       cpct_keyboard
     000003A6  player_update                      cpct_keyboard
     000003DC  player_draw                        cpct_keyboard
     000004D4  menuStart                          
     000004DD  gameStart                          
     00000500  _cpct_isKeyPressed                 cpct_keyboard
     00000500  cpct_isKeyPressed_asm              cpct_keyboard
     0000050C  cpct_setPalette_asm                cpct_video
     0000051F  _cpct_waitVSYNC                    cpct_video
     0000051F  cpct_waitVSYNC_asm                 cpct_video
     00000527  cpct_setVideoMode_asm              cpct_video
     00000534  _cpct_disableFirmware              cpct_firmware
     00000534  _cpct_removeInterruptHandler       cpct_firmware
     00000534  cpct_disableFirmware_asm           cpct_firmware
     00000534  cpct_removeInterruptHandler_asm    cpct_firmware
     00000544  cpct_drawSolidBox_asm              cpct_sprites
     000005F0  _cpct_mode_rom_status              cpct_firmware
     000005F1  cpct_getScreenPtr_asm              cpct_video
     0000060D  _cpct_scanKeyboard                 cpct_keyboard
     0000060D  cpct_scanKeyboard_asm              cpct_keyboard

ASxxxx Linker V03.00 + NoICE + sdld,  page 3.

Files Linked                              [ module(s) ]

obj/IA.rel                                [ IA ]
obj/entity.rel                            [  ]
obj/frisbee.rel                           [  ]
obj/entity.h.rel                          [  ]
obj/game.h.rel                            [  ]
obj/player.h.rel                          [  ]
obj/utility.h.rel                         [  ]
obj/main.rel                              [  ]
obj/menu.h.rel                            [  ]
obj/frisbee.h.rel                         [  ]
obj/player.rel                            [ cpct_keyboard ]
obj/menu.rel                              [  ]
obj/game.rel                              [  ]


Libraries Linked                          [ object file ]

/home/markets/git/cpctelera/cpctelera/cpctelera.lib
                                          [ cpct_isKeyPressed.rel ]
/home/markets/git/cpctelera/cpctelera/cpctelera.lib
                                          [ cpct_setPalette_asmbindings.rel ]
/home/markets/git/cpctelera/cpctelera/cpctelera.lib
                                          [ cpct_waitVSYNC.rel ]
/home/markets/git/cpctelera/cpctelera/cpctelera.lib
                                          [ cpct_setVideoMode_asmbindings.re ]
/home/markets/git/cpctelera/cpctelera/cpctelera.lib
                                          [ cpct_removeInterruptHandler.rel ]
/home/markets/git/cpctelera/cpctelera/cpctelera.lib
                                          [ cpct_drawSolidBox_asmbindings.re ]
/home/markets/git/cpctelera/cpctelera/cpctelera.lib
                                          [ cpc_mode_rom_status.rel ]
/home/markets/git/cpctelera/cpctelera/cpctelera.lib
                                          [ cpct_getScreenPtr_asmbindings.re ]
/home/markets/git/cpctelera/cpctelera/cpctelera.lib
                                          [ cpct_scanKeyboard.rel ]

ASxxxx Linker V03.00 + NoICE + sdld,  page 4.

User Base Address Definitions

_CODE = 0x0100
_DATA = 0x0000

