ASxxxx Linker V03.00 + NoICE + sdld,  page 1.
Hexadecimal  [32-Bits]

Area                                    Addr        Size        Decimal Bytes (Attributes)
--------------------------------        ----        ----        ------- ----- ------------
.  .ABS.                            00000000    00000000 =           0. bytes (ABS,CON)

      Value  Global                              Global Defined In Module
      -----  --------------------------------   ------------------------
     00000000  .__.ABS.                           cpct_keyboard
     00000000  l__DATA                         
     00000100  s__CODE                         
     0000049B  l__CODE                         
     0000059B  s__DATA                         

ASxxxx Linker V03.00 + NoICE + sdld,  page 2.
Hexadecimal  [32-Bits]

Area                                    Addr        Size        Decimal Bytes (Attributes)
--------------------------------        ----        ----        ------- ----- ------------
_CODE                               00000100    0000049B =        1179. bytes (REL,CON)

      Value  Global                              Global Defined In Module
      -----  --------------------------------   ------------------------
     00000100  entityDraw                         
     0000011A  entityErase                        
     00000133  entityUpdatePhysics                
     00000184  entityCheckCollision               
     000001D9  entityUpdatePosition               
     0000024C  frisbee_data                       
     0000025F  frisbee_setOff                     
     00000265  frisbee_erase                      
     0000026D  frisbee_setVelocities              
     00000276  frisbee_setEffect                  
     0000027A  frisbee_update                     
     00000295  frisbee_draw                       
     00000313  game_data                          
     00000318  _main                              
     00000324  _cpct_keyboardStatusBuffer         cpct_keyboard
     0000032E  player_data                        cpct_keyboard
     0000033F  enemy_data                         cpct_keyboard
     00000350  player_erase                       cpct_keyboard
     0000035F  player_update                      cpct_keyboard
     00000383  player_draw                        cpct_keyboard
     00000431  menuStart                          
     0000043A  gameStart                          
     0000045D  _cpct_isKeyPressed                 cpct_keyboard
     0000045D  cpct_isKeyPressed_asm              cpct_keyboard
     00000469  cpct_setPalette_asm                cpct_video
     0000047C  _cpct_waitVSYNC                    cpct_video
     0000047C  cpct_waitVSYNC_asm                 cpct_video
     00000484  cpct_setVideoMode_asm              cpct_video
     00000491  _cpct_disableFirmware              cpct_firmware
     00000491  _cpct_removeInterruptHandler       cpct_firmware
     00000491  cpct_disableFirmware_asm           cpct_firmware
     00000491  cpct_removeInterruptHandler_asm    cpct_firmware
     000004A1  cpct_drawSolidBox_asm              cpct_sprites
     0000054D  _cpct_mode_rom_status              cpct_firmware
     0000054E  cpct_getScreenPtr_asm              cpct_video
     0000056A  _cpct_scanKeyboard                 cpct_keyboard
     0000056A  cpct_scanKeyboard_asm              cpct_keyboard

ASxxxx Linker V03.00 + NoICE + sdld,  page 3.

Files Linked                              [ module(s) ]

obj/entity.rel                            [  ]
obj/frisbee.rel                           [  ]
obj/entity.h.rel                          [  ]
obj/game.h.rel                            [  ]
obj/player.h.rel                          [  ]
obj/utility.h.rel                         [  ]
obj/main.rel                              [  ]
obj/menu.h.rel                            [  ]
obj/frisbee.h.rel                         [  ]
obj/player.rel                            [ cpct_keyboard ]
obj/menu.rel                              [  ]
obj/game.rel                              [  ]


Libraries Linked                          [ object file ]

/home/markets/git/cpctelera/cpctelera/cpctelera.lib
                                          [ cpct_isKeyPressed.rel ]
/home/markets/git/cpctelera/cpctelera/cpctelera.lib
                                          [ cpct_setPalette_asmbindings.rel ]
/home/markets/git/cpctelera/cpctelera/cpctelera.lib
                                          [ cpct_waitVSYNC.rel ]
/home/markets/git/cpctelera/cpctelera/cpctelera.lib
                                          [ cpct_setVideoMode_asmbindings.re ]
/home/markets/git/cpctelera/cpctelera/cpctelera.lib
                                          [ cpct_removeInterruptHandler.rel ]
/home/markets/git/cpctelera/cpctelera/cpctelera.lib
                                          [ cpct_drawSolidBox_asmbindings.re ]
/home/markets/git/cpctelera/cpctelera/cpctelera.lib
                                          [ cpc_mode_rom_status.rel ]
/home/markets/git/cpctelera/cpctelera/cpctelera.lib
                                          [ cpct_getScreenPtr_asmbindings.re ]
/home/markets/git/cpctelera/cpctelera/cpctelera.lib
                                          [ cpct_scanKeyboard.rel ]

ASxxxx Linker V03.00 + NoICE + sdld,  page 4.

User Base Address Definitions

_CODE = 0x0100
_DATA = 0x0000

