ASxxxx Linker V03.00 + NoICE + sdld,  page 1.
Hexadecimal  [32-Bits]

Area                                    Addr        Size        Decimal Bytes (Attributes)
--------------------------------        ----        ----        ------- ----- ------------
.  .ABS.                            00000000    00000000 =           0. bytes (ABS,CON)

      Value  Global                              Global Defined In Module
      -----  --------------------------------   ------------------------
     00000000  .__.ABS.                           cpct_keyboard
     00000000  l__DATA                         
     00000100  s__CODE                         
     000003F2  l__CODE                         
     000004F2  s__DATA                         

ASxxxx Linker V03.00 + NoICE + sdld,  page 2.
Hexadecimal  [32-Bits]

Area                                    Addr        Size        Decimal Bytes (Attributes)
--------------------------------        ----        ----        ------- ----- ------------
_CODE                               00000100    000003F2 =        1010. bytes (REL,CON)

      Value  Global                              Global Defined In Module
      -----  --------------------------------   ------------------------
     00000100  entityDraw                         
     0000011A  entityErase                        
     00000172  entityUpdatePhysics                
     000001B0  entityCheckCollision               
     00000205  frisbee_data                       
     00000213  frisbee_setOff                     
     00000219  frisbee_erase                      
     00000221  frisbee_update                     
     00000239  frisbee_draw                       
     000002A1  _main                              
     000002BB  _cpct_keyboardStatusBuffer         cpct_keyboard
     000002C5  player_data                        cpct_keyboard
     000002D3  enemy_data                         cpct_keyboard
     000002E1  player_erase                       cpct_keyboard
     000002F0  player_update                      cpct_keyboard
     00000302  player_draw                        cpct_keyboard
     000003B4  _cpct_isKeyPressed                 cpct_keyboard
     000003B4  cpct_isKeyPressed_asm              cpct_keyboard
     000003C0  cpct_setPalette_asm                cpct_video
     000003D3  _cpct_waitVSYNC                    cpct_video
     000003D3  cpct_waitVSYNC_asm                 cpct_video
     000003DB  cpct_setVideoMode_asm              cpct_video
     000003E8  _cpct_disableFirmware              cpct_firmware
     000003E8  _cpct_removeInterruptHandler       cpct_firmware
     000003E8  cpct_disableFirmware_asm           cpct_firmware
     000003E8  cpct_removeInterruptHandler_asm    cpct_firmware
     000003F8  cpct_drawSolidBox_asm              cpct_sprites
     000004A4  _cpct_mode_rom_status              cpct_firmware
     000004A5  cpct_getScreenPtr_asm              cpct_video
     000004C1  _cpct_scanKeyboard                 cpct_keyboard
     000004C1  cpct_scanKeyboard_asm              cpct_keyboard

ASxxxx Linker V03.00 + NoICE + sdld,  page 3.

Files Linked                              [ module(s) ]

obj/entity.rel                            [  ]
obj/frisbee.rel                           [  ]
obj/entity.h.rel                          [  ]
obj/player.h.rel                          [  ]
obj/utility.h.rel                         [  ]
obj/main.rel                              [  ]
obj/frisbee.h.rel                         [  ]
obj/player.rel                            [ cpct_keyboard ]


Libraries Linked                          [ object file ]

/home/markets/git/cpctelera/cpctelera/cpctelera.lib
                                          [ cpct_isKeyPressed.rel ]
/home/markets/git/cpctelera/cpctelera/cpctelera.lib
                                          [ cpct_setPalette_asmbindings.rel ]
/home/markets/git/cpctelera/cpctelera/cpctelera.lib
                                          [ cpct_waitVSYNC.rel ]
/home/markets/git/cpctelera/cpctelera/cpctelera.lib
                                          [ cpct_setVideoMode_asmbindings.re ]
/home/markets/git/cpctelera/cpctelera/cpctelera.lib
                                          [ cpct_removeInterruptHandler.rel ]
/home/markets/git/cpctelera/cpctelera/cpctelera.lib
                                          [ cpct_drawSolidBox_asmbindings.re ]
/home/markets/git/cpctelera/cpctelera/cpctelera.lib
                                          [ cpc_mode_rom_status.rel ]
/home/markets/git/cpctelera/cpctelera/cpctelera.lib
                                          [ cpct_getScreenPtr_asmbindings.re ]
/home/markets/git/cpctelera/cpctelera/cpctelera.lib
                                          [ cpct_scanKeyboard.rel ]

ASxxxx Linker V03.00 + NoICE + sdld,  page 4.

User Base Address Definitions

_CODE = 0x0100
_DATA = 0x0000

