ASxxxx Linker V03.00 + NoICE + sdld,  page 1.
Hexadecimal  [32-Bits]

Area                                    Addr        Size        Decimal Bytes (Attributes)
--------------------------------        ----        ----        ------- ----- ------------
.  .ABS.                            00000000    00000000 =           0. bytes (ABS,CON)

      Value  Global                              Global Defined In Module
      -----  --------------------------------   ------------------------
     00000000  .__.ABS.                           cpct_keyboard
     00000000  l__CABS                         
     00000000  l__DABS                         
     00000000  l__DATA                         
     00000000  l__GSFINAL                      
     00000000  l__GSINIT                       
     00000000  l__HOME                         
     00000000  l__INITIALIZED                  
     00000000  l__INITIALIZER                  
     00000000  s__CABS                         
     00000000  s__DABS                         
     00000100  s__CODE                         
     000006D9  l__CODE                         
     000007D9  s__DATA                         
     000007D9  s__GSFINAL                      
     000007D9  s__GSINIT                       
     000007D9  s__HOME                         
     000007D9  s__INITIALIZED                  
     000007D9  s__INITIALIZER                  

ASxxxx Linker V03.00 + NoICE + sdld,  page 2.
Hexadecimal  [32-Bits]

Area                                    Addr        Size        Decimal Bytes (Attributes)
--------------------------------        ----        ----        ------- ----- ------------
_CODE                               00000100    000006D9 =        1753. bytes (REL,CON)

      Value  Global                              Global Defined In Module
      -----  --------------------------------   ------------------------
     00000100  _moveIA                            IA
     00000101  entityDraw                         
     00000122  entityErase                        
     0000013C  entityUpdatePhysics                
     000001EF  entityCheckCollision               
     00000244  entityUpdatePosition               
     000002C0  negateHL                           
     000002F1  frisbee_data                       
     0000030A  init_data                          
     00000323  frisbee_setOff                     
     00000329  frisbee_restart                    
     00000352  frisbee_erase                      
     0000035A  frisbee_setVelocities              
     00000385  frisbee_setEffect                  
     00000390  frisbee_update                     
     000003AB  frisbee_draw                       
     000003C7  frisbee_checkGoal                  
     000003E9  _main                              
     000003F4  _cpct_keyboardStatusBuffer         cpct_keyboard
     000003FE  player_data                        cpct_keyboard
     00000415  enemy_data                         cpct_keyboard
     0000042C  player_erase                       cpct_keyboard
     0000043B  player_update                      cpct_keyboard
     00000474  player_draw                        cpct_keyboard
     000005FC  menuStart                          
     00000605  game_data                          
     00000605  game_type                          
     00000606  game_map                           
     00000608  game_fTime                         
     0000060A  game_t1points                      
     0000060B  game_t2points                      
     0000060C  game_maxPoints                     
     0000060F  gameStart                          
     00000616  getVideoPtr                        
     0000061A  incTeam1Points                     
     0000062D  incTeam2Points                     
     0000068F  _cpct_isKeyPressed                 cpct_keyboard
     0000068F  cpct_isKeyPressed_asm              cpct_keyboard
     0000069B  cpct_setPalette_asm                cpct_video
     000006AE  _cpct_setVideoMemoryPage           cpct_video
     000006AE  cpct_setVideoMemoryPage_asm        cpct_video
     000006B7  _cpct_waitVSYNC                    cpct_video
     000006B7  cpct_waitVSYNC_asm                 cpct_video
     000006BF  cpct_setVideoMode_asm              cpct_video
     000006CC  cpct_memcpy_asm                    cpct_memutils
     000006CF  _cpct_disableFirmware              cpct_firmware
     000006CF  _cpct_removeInterruptHandler       cpct_firmware
     000006CF  cpct_disableFirmware_asm           cpct_firmware
     000006CF  cpct_removeInterruptHandler_asm    cpct_firmware
     000006DF  cpct_drawSolidBox_asm              cpct_sprites
ASxxxx Linker V03.00 + NoICE + sdld,  page 3.
Hexadecimal  [32-Bits]

Area                                    Addr        Size        Decimal Bytes (Attributes)
--------------------------------        ----        ----        ------- ----- ------------
_CODE                               00000100    000006D9 =        1753. bytes (REL,CON)

      Value  Global                              Global Defined In Module
      -----  --------------------------------   ------------------------
     0000078B  _cpct_mode_rom_status              cpct_firmware
     0000078C  cpct_getScreenPtr_asm              cpct_video
     000007A8  _cpct_scanKeyboard                 cpct_keyboard
     000007A8  cpct_scanKeyboard_asm              cpct_keyboard
ASxxxx Linker V03.00 + NoICE + sdld,  page 4.

Files Linked                              [ module(s) ]

obj/IA.rel                                [ IA ]
obj/entity.rel                            [  ]
obj/frisbee.rel                           [  ]
obj/entity.h.rel                          [  ]
obj/game.h.rel                            [  ]
obj/player.h.rel                          [  ]
obj/utility.h.rel                         [  ]
obj/main.rel                              [  ]
obj/menu.h.rel                            [  ]
obj/frisbee.h.rel                         [  ]
obj/player.rel                            [ cpct_keyboard ]
obj/menu.rel                              [  ]
obj/game.rel                              [  ]


Libraries Linked                          [ object file ]

/home/markets/git/cpctelera/cpctelera/cpctelera.lib
                                          [ cpct_isKeyPressed.rel ]
/home/markets/git/cpctelera/cpctelera/cpctelera.lib
                                          [ cpct_setPalette_asmbindings.rel ]
/home/markets/git/cpctelera/cpctelera/cpctelera.lib
                                          [ cpct_setVideoMemoryPage.rel ]
/home/markets/git/cpctelera/cpctelera/cpctelera.lib
                                          [ cpct_waitVSYNC.rel ]
/home/markets/git/cpctelera/cpctelera/cpctelera.lib
                                          [ cpct_setVideoMode_asmbindings.re ]
/home/markets/git/cpctelera/cpctelera/cpctelera.lib
                                          [ cpct_memcpy_asmbindings.rel ]
/home/markets/git/cpctelera/cpctelera/cpctelera.lib
                                          [ cpct_removeInterruptHandler.rel ]
/home/markets/git/cpctelera/cpctelera/cpctelera.lib
                                          [ cpct_drawSolidBox_asmbindings.re ]
/home/markets/git/cpctelera/cpctelera/cpctelera.lib
                                          [ cpc_mode_rom_status.rel ]
/home/markets/git/cpctelera/cpctelera/cpctelera.lib
                                          [ cpct_getScreenPtr_asmbindings.re ]
/home/markets/git/cpctelera/cpctelera/cpctelera.lib
                                          [ cpct_scanKeyboard.rel ]

ASxxxx Linker V03.00 + NoICE + sdld,  page 5.

User Base Address Definitions

_CODE = 0x0100
_DATA = 0x0000

