ASxxxx Linker V03.00 + NoICE + sdld,  page 1.
Hexadecimal  [32-Bits]

Area                                    Addr        Size        Decimal Bytes (Attributes)
--------------------------------        ----        ----        ------- ----- ------------
.  .ABS.                            00000000    00000000 =           0. bytes (ABS,CON)

      Value  Global                              Global Defined In Module
      -----  --------------------------------   ------------------------
     00000000  .__.ABS.                           cpct_keyboard
     00000000  l__CABS                         
     00000000  l__DABS                         
     00000000  l__DATA                         
     00000000  l__GSFINAL                      
     00000000  l__GSINIT                       
     00000000  l__HOME                         
     00000000  l__INITIALIZED                  
     00000000  l__INITIALIZER                  
     00000000  s__CABS                         
     00000000  s__DABS                         
     00000100  s__CODE                         
     00000F83  l__CODE                         
     00001083  s__DATA                         
     00001083  s__GSFINAL                      
     00001083  s__GSINIT                       
     00001083  s__HOME                         
     00001083  s__INITIALIZED                  
     00001083  s__INITIALIZER                  

ASxxxx Linker V03.00 + NoICE + sdld,  page 2.
Hexadecimal  [32-Bits]

Area                                    Addr        Size        Decimal Bytes (Attributes)
--------------------------------        ----        ----        ------- ----- ------------
_CODE                               00000100    00000F83 =        3971. bytes (REL,CON)

      Value  Global                              Global Defined In Module
      -----  --------------------------------   ------------------------
     00000100  _moveIA                            IA
     00000117  entityDraw                         
     00000138  entityErase                        
     00000152  entityUpdatePhysics                
     0000020B  entityCheckCollision               
     00000260  entityUpdatePosition               
     000002DC  negateHL                           
     0000030D  frisbee_data                       
     00000326  init_data                          
     0000033F  frisbee_setOff                     
     00000345  frisbee_restart                    
     0000036E  frisbee_erase                      
     00000376  frisbee_setVelocities              
     000003AD  frisbee_setEffect                  
     000003B8  frisbee_update                     
     000003D3  frisbee_draw                       
     000003EF  frisbee_checkGoal                  
     00000411  _main                              
     0000041C  _cpct_keyboardStatusBuffer         cpct_keyboard
     00000426  player_data                        cpct_keyboard
     0000043D  enemy_data                         cpct_keyboard
     00000454  player_2_data                      cpct_keyboard
     0000046B  enemy_2_data                       cpct_keyboard
     00000482  player_erase                       cpct_keyboard
     00000491  player_update                      cpct_keyboard
     000004CA  player_draw                        cpct_keyboard
     0000065E  menuStart                          
     00000667  game_data                          
     00000672  gameStart                          
     00000679  getVideoPtr                        
     0000067D  incTeam1Points                     
     0000068C  incTeam2Points                     
     0000069F  play_music                         
     000006AF  stop_music                         
     00000710  _cpct_isKeyPressed                 cpct_keyboard
     00000710  cpct_isKeyPressed_asm              cpct_keyboard
     0000071C  cpct_setPalette_asm                cpct_video
     0000072F  _cpct_akp_digidrumStatus           cpct_audio
     00000730  _cpct_akp_songLoopTimes            cpct_audio
     00000731  _cpct_akp_musicPlay                cpct_audio
     00000731  cpct_akp_musicPlay_asm             cpct_audio
     00000E34  _cpct_akp_musicInit                cpct_audio
     00000E3B  cpct_akp_musicInit_asm             cpct_audio
     00000E94  _cpct_akp_stop                     cpct_audio
     00000E94  cpct_akp_stop_asm                  cpct_audio
     00000EA7  _cpct_akp_SFXGetInstrument         cpct_audio
     00000EAC  cpct_akp_SFXGetInstrument_asm      cpct_audio
     00000EC0  _cpct_akp_SFXInit                  cpct_audio
     00000EC7  cpct_akp_SFXInit_asm               cpct_audio
     00000ECE  _cpct_akp_SFXStopAll               cpct_audio
ASxxxx Linker V03.00 + NoICE + sdld,  page 3.
Hexadecimal  [32-Bits]

Area                                    Addr        Size        Decimal Bytes (Attributes)
--------------------------------        ----        ----        ------- ----- ------------
_CODE                               00000100    00000F83 =        3971. bytes (REL,CON)

      Value  Global                              Global Defined In Module
      -----  --------------------------------   ------------------------
     00000ECE  cpct_akp_SFXStopAll_asm            cpct_audio
     00000EDB  _cpct_akp_SFXPlay                  cpct_audio
     00000EED  cpct_akp_SFXPlay_asm               cpct_audio
     00000F3A  _cpct_akp_SFXStop                  cpct_audio
     00000F3F  cpct_akp_SFXStop_asm               cpct_audio
     00000F58  _cpct_setVideoMemoryPage           cpct_video
     00000F58  cpct_setVideoMemoryPage_asm        cpct_video
     00000F61  _cpct_waitVSYNC                    cpct_video
     00000F61  cpct_waitVSYNC_asm                 cpct_video
     00000F69  cpct_setVideoMode_asm              cpct_video
     00000F76  cpct_memcpy_asm                    cpct_memutils
     00000F79  _cpct_disableFirmware              cpct_firmware
     00000F79  _cpct_removeInterruptHandler       cpct_firmware
     00000F79  cpct_disableFirmware_asm           cpct_firmware
     00000F79  cpct_removeInterruptHandler_asm    cpct_firmware
     00000F89  cpct_drawSolidBox_asm              cpct_sprites
     00001035  _cpct_mode_rom_status              cpct_firmware
     00001036  cpct_getScreenPtr_asm              cpct_video
     00001052  _cpct_scanKeyboard                 cpct_keyboard
     00001052  cpct_scanKeyboard_asm              cpct_keyboard

ASxxxx Linker V03.00 + NoICE + sdld,  page 4.

Files Linked                              [ module(s) ]

obj/IA.rel                                [ IA ]
obj/entity.rel                            [  ]
obj/frisbee.rel                           [  ]
obj/entity.h.rel                          [  ]
obj/game.h.rel                            [  ]
obj/player.h.rel                          [  ]
obj/utility.h.rel                         [  ]
obj/main.rel                              [  ]
obj/menu.h.rel                            [  ]
obj/frisbee.h.rel                         [  ]
obj/player.rel                            [ cpct_keyboard ]
obj/menu.rel                              [  ]
obj/game.rel                              [  ]


Libraries Linked                          [ object file ]

/home/markets/git/cpctelera/cpctelera/cpctelera.lib
                                          [ cpct_isKeyPressed.rel ]
/home/markets/git/cpctelera/cpctelera/cpctelera.lib
                                          [ cpct_setPalette_asmbindings.rel ]
/home/markets/git/cpctelera/cpctelera/cpctelera.lib
                                          [ arkostracker.rel ]
/home/markets/git/cpctelera/cpctelera/cpctelera.lib
                                          [ cpct_setVideoMemoryPage.rel ]
/home/markets/git/cpctelera/cpctelera/cpctelera.lib
                                          [ cpct_waitVSYNC.rel ]
/home/markets/git/cpctelera/cpctelera/cpctelera.lib
                                          [ cpct_setVideoMode_asmbindings.re ]
/home/markets/git/cpctelera/cpctelera/cpctelera.lib
                                          [ cpct_memcpy_asmbindings.rel ]
/home/markets/git/cpctelera/cpctelera/cpctelera.lib
                                          [ cpct_removeInterruptHandler.rel ]
/home/markets/git/cpctelera/cpctelera/cpctelera.lib
                                          [ cpct_drawSolidBox_asmbindings.re ]
/home/markets/git/cpctelera/cpctelera/cpctelera.lib
                                          [ cpc_mode_rom_status.rel ]
/home/markets/git/cpctelera/cpctelera/cpctelera.lib
                                          [ cpct_getScreenPtr_asmbindings.re ]
/home/markets/git/cpctelera/cpctelera/cpctelera.lib
                                          [ cpct_scanKeyboard.rel ]

ASxxxx Linker V03.00 + NoICE + sdld,  page 5.

User Base Address Definitions

_CODE = 0x0100
_DATA = 0x0000

