ASxxxx Linker V03.00 + NoICE + sdld,  page 1.
Hexadecimal  [32-Bits]

Area                                    Addr        Size        Decimal Bytes (Attributes)
--------------------------------        ----        ----        ------- ----- ------------
.  .ABS.                            00000000    00000000 =           0. bytes (ABS,CON)

      Value  Global                              Global Defined In Module
      -----  --------------------------------   ------------------------
     00000000  .__.ABS.                           cpct_keyboard
     00000000  l__CABS                         
     00000000  l__DABS                         
     00000000  l__DATA                         
     00000000  l__GSFINAL                      
     00000000  l__GSINIT                       
     00000000  l__HOME                         
     00000000  l__INITIALIZED                  
     00000000  l__INITIALIZER                  
     00000000  s__CABS                         
     00000000  s__DABS                         
     00000100  s__CODE                         
     00000636  l__CODE                         
     00000736  s__DATA                         
     00000736  s__GSFINAL                      
     00000736  s__GSINIT                       
     00000736  s__HOME                         
     00000736  s__INITIALIZED                  
     00000736  s__INITIALIZER                  

ASxxxx Linker V03.00 + NoICE + sdld,  page 2.
Hexadecimal  [32-Bits]

Area                                    Addr        Size        Decimal Bytes (Attributes)
--------------------------------        ----        ----        ------- ----- ------------
_CODE                               00000100    00000636 =        1590. bytes (REL,CON)

      Value  Global                              Global Defined In Module
      -----  --------------------------------   ------------------------
     00000100  _moveIA                            IA
     00000101  entityDraw                         
     00000122  entityErase                        
     0000013C  entityUpdatePhysics                
     000001EF  entityCheckCollision               
     00000244  entityUpdatePosition               
     000002C0  negateHL                           
     000002F1  frisbee_data                       
     0000030A  init_data                          
     00000323  frisbee_setOff                     
     00000329  frisbee_restart                    
     00000352  frisbee_erase                      
     0000035A  frisbee_setVelocities              
     00000385  frisbee_setEffect                  
     00000390  frisbee_update                     
     000003AB  frisbee_draw                       
     000003C7  frisbee_checkGoal                  
     000003E1  game_data                          
     000003E1  game_type                          
     000003E2  game_map                           
     000003E4  game_fTime                         
     000003E6  game_t1points                      
     000003E7  game_t2points                      
     000003E8  _main                              
     000003F7  _cpct_keyboardStatusBuffer         cpct_keyboard
     00000401  player_data                        cpct_keyboard
     00000418  enemy_data                         cpct_keyboard
     0000042F  player_erase                       cpct_keyboard
     0000043E  player_update                      cpct_keyboard
     00000482  player_draw                        cpct_keyboard
     00000577  menuStart                          
     00000582  gameStart                          
     00000589  getVideoPtr                        
     0000058D  incTeam1Points                     
     00000595  incTeam2Points                     
     000005EC  _cpct_isKeyPressed                 cpct_keyboard
     000005EC  cpct_isKeyPressed_asm              cpct_keyboard
     000005F8  cpct_setPalette_asm                cpct_video
     0000060B  _cpct_setVideoMemoryPage           cpct_video
     0000060B  cpct_setVideoMemoryPage_asm        cpct_video
     00000614  _cpct_waitVSYNC                    cpct_video
     00000614  cpct_waitVSYNC_asm                 cpct_video
     0000061C  cpct_setVideoMode_asm              cpct_video
     00000629  cpct_memcpy_asm                    cpct_memutils
     0000062C  _cpct_disableFirmware              cpct_firmware
     0000062C  _cpct_removeInterruptHandler       cpct_firmware
     0000062C  cpct_disableFirmware_asm           cpct_firmware
     0000062C  cpct_removeInterruptHandler_asm    cpct_firmware
     0000063C  cpct_drawSolidBox_asm              cpct_sprites
     000006E8  _cpct_mode_rom_status              cpct_firmware
ASxxxx Linker V03.00 + NoICE + sdld,  page 3.
Hexadecimal  [32-Bits]

Area                                    Addr        Size        Decimal Bytes (Attributes)
--------------------------------        ----        ----        ------- ----- ------------
_CODE                               00000100    00000636 =        1590. bytes (REL,CON)

      Value  Global                              Global Defined In Module
      -----  --------------------------------   ------------------------
     000006E9  cpct_getScreenPtr_asm              cpct_video
     00000705  _cpct_scanKeyboard                 cpct_keyboard
     00000705  cpct_scanKeyboard_asm              cpct_keyboard

ASxxxx Linker V03.00 + NoICE + sdld,  page 4.

Files Linked                              [ module(s) ]

obj/IA.rel                                [ IA ]
obj/entity.rel                            [  ]
obj/frisbee.rel                           [  ]
obj/entity.h.rel                          [  ]
obj/game.h.rel                            [  ]
obj/player.h.rel                          [  ]
obj/utility.h.rel                         [  ]
obj/main.rel                              [  ]
obj/menu.h.rel                            [  ]
obj/frisbee.h.rel                         [  ]
obj/player.rel                            [ cpct_keyboard ]
obj/menu.rel                              [  ]
obj/game.rel                              [  ]


Libraries Linked                          [ object file ]

/home/markets/git/cpctelera/cpctelera/cpctelera.lib
                                          [ cpct_isKeyPressed.rel ]
/home/markets/git/cpctelera/cpctelera/cpctelera.lib
                                          [ cpct_setPalette_asmbindings.rel ]
/home/markets/git/cpctelera/cpctelera/cpctelera.lib
                                          [ cpct_setVideoMemoryPage.rel ]
/home/markets/git/cpctelera/cpctelera/cpctelera.lib
                                          [ cpct_waitVSYNC.rel ]
/home/markets/git/cpctelera/cpctelera/cpctelera.lib
                                          [ cpct_setVideoMode_asmbindings.re ]
/home/markets/git/cpctelera/cpctelera/cpctelera.lib
                                          [ cpct_memcpy_asmbindings.rel ]
/home/markets/git/cpctelera/cpctelera/cpctelera.lib
                                          [ cpct_removeInterruptHandler.rel ]
/home/markets/git/cpctelera/cpctelera/cpctelera.lib
                                          [ cpct_drawSolidBox_asmbindings.re ]
/home/markets/git/cpctelera/cpctelera/cpctelera.lib
                                          [ cpc_mode_rom_status.rel ]
/home/markets/git/cpctelera/cpctelera/cpctelera.lib
                                          [ cpct_getScreenPtr_asmbindings.re ]
/home/markets/git/cpctelera/cpctelera/cpctelera.lib
                                          [ cpct_scanKeyboard.rel ]

ASxxxx Linker V03.00 + NoICE + sdld,  page 5.

User Base Address Definitions

_CODE = 0x0100
_DATA = 0x0000

