ASxxxx Linker V03.00 + NoICE + sdld,  page 1.
Hexadecimal  [32-Bits]

Area                                    Addr        Size        Decimal Bytes (Attributes)
--------------------------------        ----        ----        ------- ----- ------------
.  .ABS.                            00000000    00000000 =           0. bytes (ABS,CON)

      Value  Global                              Global Defined In Module
      -----  --------------------------------   ------------------------
     00000000  .__.ABS.                           cpct_keyboard
     00000000  l__DATA                         
     00000100  s__CODE                         
     00000403  l__CODE                         
     00000503  s__DATA                         

ASxxxx Linker V03.00 + NoICE + sdld,  page 2.
Hexadecimal  [32-Bits]

Area                                    Addr        Size        Decimal Bytes (Attributes)
--------------------------------        ----        ----        ------- ----- ------------
_CODE                               00000100    00000403 =        1027. bytes (REL,CON)

      Value  Global                              Global Defined In Module
      -----  --------------------------------   ------------------------
     00000100  entityDraw                         
     0000011A  entityErase                        
     00000172  entityUpdatePhysics                
     000001B0  entityCheckCollision               
     00000205  frisbee_data                       
     00000213  frisbee_setOff                     
     00000219  frisbee_erase                      
     00000221  frisbee_update                     
     00000239  frisbee_draw                       
     0000029D  game_data                          
     000002A2  _main                              
     000002A9  _cpct_keyboardStatusBuffer         cpct_keyboard
     000002B3  player_data                        cpct_keyboard
     000002C1  enemy_data                         cpct_keyboard
     000002CF  player_erase                       cpct_keyboard
     000002DE  player_update                      cpct_keyboard
     000002F0  player_draw                        cpct_keyboard
     000003A2  gameStart                          
     000003C5  _cpct_isKeyPressed                 cpct_keyboard
     000003C5  cpct_isKeyPressed_asm              cpct_keyboard
     000003D1  cpct_setPalette_asm                cpct_video
     000003E4  _cpct_waitVSYNC                    cpct_video
     000003E4  cpct_waitVSYNC_asm                 cpct_video
     000003EC  cpct_setVideoMode_asm              cpct_video
     000003F9  _cpct_disableFirmware              cpct_firmware
     000003F9  _cpct_removeInterruptHandler       cpct_firmware
     000003F9  cpct_disableFirmware_asm           cpct_firmware
     000003F9  cpct_removeInterruptHandler_asm    cpct_firmware
     00000409  cpct_drawSolidBox_asm              cpct_sprites
     000004B5  _cpct_mode_rom_status              cpct_firmware
     000004B6  cpct_getScreenPtr_asm              cpct_video
     000004D2  _cpct_scanKeyboard                 cpct_keyboard
     000004D2  cpct_scanKeyboard_asm              cpct_keyboard
ASxxxx Linker V03.00 + NoICE + sdld,  page 3.

Files Linked                              [ module(s) ]

obj/entity.rel                            [  ]
obj/frisbee.rel                           [  ]
obj/entity.h.rel                          [  ]
obj/game.h.rel                            [  ]
obj/player.h.rel                          [  ]
obj/utility.h.rel                         [  ]
obj/main.rel                              [  ]
obj/frisbee.h.rel                         [  ]
obj/player.rel                            [ cpct_keyboard ]
obj/game.rel                              [  ]


Libraries Linked                          [ object file ]

/home/markets/git/cpctelera/cpctelera/cpctelera.lib
                                          [ cpct_isKeyPressed.rel ]
/home/markets/git/cpctelera/cpctelera/cpctelera.lib
                                          [ cpct_setPalette_asmbindings.rel ]
/home/markets/git/cpctelera/cpctelera/cpctelera.lib
                                          [ cpct_waitVSYNC.rel ]
/home/markets/git/cpctelera/cpctelera/cpctelera.lib
                                          [ cpct_setVideoMode_asmbindings.re ]
/home/markets/git/cpctelera/cpctelera/cpctelera.lib
                                          [ cpct_removeInterruptHandler.rel ]
/home/markets/git/cpctelera/cpctelera/cpctelera.lib
                                          [ cpct_drawSolidBox_asmbindings.re ]
/home/markets/git/cpctelera/cpctelera/cpctelera.lib
                                          [ cpc_mode_rom_status.rel ]
/home/markets/git/cpctelera/cpctelera/cpctelera.lib
                                          [ cpct_getScreenPtr_asmbindings.re ]
/home/markets/git/cpctelera/cpctelera/cpctelera.lib
                                          [ cpct_scanKeyboard.rel ]

ASxxxx Linker V03.00 + NoICE + sdld,  page 4.

User Base Address Definitions

_CODE = 0x0100
_DATA = 0x0000

