ASxxxx Linker V03.00 + NoICE + sdld,  page 1.
Hexadecimal  [32-Bits]

Area                                    Addr        Size        Decimal Bytes (Attributes)
--------------------------------        ----        ----        ------- ----- ------------
.  .ABS.                            00000000    00000000 =           0. bytes (ABS,CON)

      Value  Global                              Global Defined In Module
      -----  --------------------------------   ------------------------
     00000000  .__.ABS.                           cpct_keyboard
     00000000  l__CABS                         
     00000000  l__DABS                         
     00000000  l__GSFINAL                      
     00000000  l__GSINIT                       
     00000000  l__HOME                         
     00000000  s__CABS                         
     00000000  s__DABS                         
     00000006  l__DATA                         
     00000012  l__INITIALIZED                  
     00000012  l__INITIALIZER                  
     00000100  s__CODE                         
     0000187D  l__CODE                         
     0000197D  s__DATA                         
     00001983  s__INITIALIZED                  
     00001995  s__GSFINAL                      
     00001995  s__GSINIT                       
     00001995  s__HOME                         
     00001995  s__INITIALIZER                  

ASxxxx Linker V03.00 + NoICE + sdld,  page 2.
Hexadecimal  [32-Bits]

Area                                    Addr        Size        Decimal Bytes (Attributes)
--------------------------------        ----        ----        ------- ----- ------------
_CODE                               00000100    0000187D =        6269. bytes (REL,CON)

      Value  Global                              Global Defined In Module
      -----  --------------------------------   ------------------------
     00000100  _initAcel                          IA
     00000216  _cerca                             IA
     00000221  _medio                             IA
     0000022C  _lejos                             IA
     00000237  _acelMu                            IA
     00000242  _acelPo                            IA
     0000024D  _acelMed                           IA
     00000258  _rulex                             IA
     0000025C  _rulex1                            IA
     00000260  _rulex2                            IA
     00000264  _ruley                             IA
     00000268  _ruley1                            IA
     0000026C  _ruley2                            IA
     00000270  _calculateDom                      IA
     00000596  _defuzzi                           IA
     00000697  _calcule                           IA
     0000071F  _calcularb_direc                   IA
     00000754  _fuzzificacion                     IA
     000008B1  _moveIA                            IA
     00000901  entityDraw                         
     00000922  entityErase                        
     0000093C  entityUpdatePhysics                
     00000A41  entityCheckCollision               
     00000A96  entityUpdatePosition               
     00000B12  negateHL                           
     00000B43  frisbee_data                       
     00000B5C  init_data                          
     00000B75  frisbee_setOff                     
     00000B7B  frisbee_restart                    
     00000BA4  frisbee_erase                      
     00000BAC  frisbee_setVelocities              
     00000BE3  frisbee_setEffect                  
     00000BEE  frisbee_update                     
     00000C09  frisbee_draw                       
     00000C25  frisbee_checkGoal                  
     00000C47  _main                              
     00000C52  _cpct_keyboardStatusBuffer         cpct_keyboard
     00000C5C  player_data                        cpct_keyboard
     00000C73  enemy_data                         cpct_keyboard
     00000C8A  player_2_data                      cpct_keyboard
     00000CA1  enemy_2_data                       cpct_keyboard
     00000CB8  player_erase                       cpct_keyboard
     00000CC7  player_update                      cpct_keyboard
     00000CFC  player_draw                        cpct_keyboard
     00000EFB  menuStart                          
     00000F04  game_data                          
     00000F0F  gameStart                          
     00000F16  getVideoPtr                        
     00000F1A  incTeam1Points                     
     00000F29  incTeam2Points                     
ASxxxx Linker V03.00 + NoICE + sdld,  page 3.
Hexadecimal  [32-Bits]

Area                                    Addr        Size        Decimal Bytes (Attributes)
--------------------------------        ----        ----        ------- ----- ------------
_CODE                               00000100    0000187D =        6269. bytes (REL,CON)

      Value  Global                              Global Defined In Module
      -----  --------------------------------   ------------------------
     00000F3C  play_music                         
     00000F4C  stop_music                         
     00000FAD  __divuint                          
     00000FB5  __divuchar                         
     00000FBC  __divu8                            
     00000FBF  __divu16                           
     00000FEE  _cpct_isKeyPressed                 cpct_keyboard
     00000FEE  cpct_isKeyPressed_asm              cpct_keyboard
     00000FFA  cpct_setPalette_asm                cpct_video
     0000100D  _cpct_akp_digidrumStatus           cpct_audio
     0000100E  _cpct_akp_songLoopTimes            cpct_audio
     0000100F  _cpct_akp_musicPlay                cpct_audio
     0000100F  cpct_akp_musicPlay_asm             cpct_audio
     00001712  _cpct_akp_musicInit                cpct_audio
     00001719  cpct_akp_musicInit_asm             cpct_audio
     00001772  _cpct_akp_stop                     cpct_audio
     00001772  cpct_akp_stop_asm                  cpct_audio
     00001785  _cpct_akp_SFXGetInstrument         cpct_audio
     0000178A  cpct_akp_SFXGetInstrument_asm      cpct_audio
     0000179E  _cpct_akp_SFXInit                  cpct_audio
     000017A5  cpct_akp_SFXInit_asm               cpct_audio
     000017AC  _cpct_akp_SFXStopAll               cpct_audio
     000017AC  cpct_akp_SFXStopAll_asm            cpct_audio
     000017B9  _cpct_akp_SFXPlay                  cpct_audio
     000017CB  cpct_akp_SFXPlay_asm               cpct_audio
     00001818  _cpct_akp_SFXStop                  cpct_audio
     0000181D  cpct_akp_SFXStop_asm               cpct_audio
     00001836  __mulint                           
     0000183E  __mul16                            
     00001852  _cpct_setVideoMemoryPage           cpct_video
     00001852  cpct_setVideoMemoryPage_asm        cpct_video
     0000185B  _cpct_waitVSYNC                    cpct_video
     0000185B  cpct_waitVSYNC_asm                 cpct_video
     00001863  cpct_setVideoMode_asm              cpct_video
     00001870  cpct_memcpy_asm                    cpct_memutils
     00001873  _cpct_disableFirmware              cpct_firmware
     00001873  _cpct_removeInterruptHandler       cpct_firmware
     00001873  cpct_disableFirmware_asm           cpct_firmware
     00001873  cpct_removeInterruptHandler_asm    cpct_firmware
     00001883  cpct_drawSolidBox_asm              cpct_sprites
     0000192F  _cpct_mode_rom_status              cpct_firmware
     00001930  cpct_getScreenPtr_asm              cpct_video
     0000194C  _cpct_scanKeyboard                 cpct_keyboard
     0000194C  cpct_scanKeyboard_asm              cpct_keyboard

ASxxxx Linker V03.00 + NoICE + sdld,  page 4.
Hexadecimal  [32-Bits]

Area                                    Addr        Size        Decimal Bytes (Attributes)
--------------------------------        ----        ----        ------- ----- ------------
_DATA                               0000197D    00000006 =           6. bytes (REL,CON)

      Value  Global                              Global Defined In Module
      -----  --------------------------------   ------------------------
     0000197D  _aceleracion                       IA

ASxxxx Linker V03.00 + NoICE + sdld,  page 5.
Hexadecimal  [32-Bits]

Area                                    Addr        Size        Decimal Bytes (Attributes)
--------------------------------        ----        ----        ------- ----- ------------
_INITIALIZED                        00001983    00000012 =          18. bytes (REL,CON)

      Value  Global                              Global Defined In Module
      -----  --------------------------------   ------------------------
     00001983  _vRulesx                           IA
     00001989  _vRulesy                           IA
     0000198F  _fmems                             IA
ASxxxx Linker V03.00 + NoICE + sdld,  page 6.
Hexadecimal  [32-Bits]

Area                                    Addr        Size        Decimal Bytes (Attributes)
--------------------------------        ----        ----        ------- ----- ------------
_INITIALIZER                        00001995    00000012 =          18. bytes (REL,CON)

      Value  Global                              Global Defined In Module
      -----  --------------------------------   ------------------------
ASxxxx Linker V03.00 + NoICE + sdld,  page 7.

Files Linked                              [ module(s) ]

obj/IA.rel                                [ IA ]
obj/entity.rel                            [  ]
obj/frisbee.rel                           [  ]
obj/entity.h.rel                          [  ]
obj/game.h.rel                            [  ]
obj/player.h.rel                          [  ]
obj/utility.h.rel                         [  ]
obj/main.rel                              [  ]
obj/menu.h.rel                            [  ]
obj/frisbee.h.rel                         [  ]
obj/player.rel                            [ cpct_keyboard ]
obj/menu.rel                              [  ]
obj/game.rel                              [  ]


Libraries Linked                          [ object file ]

/home/markets/git/cpctelera/cpctelera/tools/sdcc-3.5.5/bin/../share/sdcc/lib/z80/z80.lib
                                          [ divunsigned.rel ]
/home/markets/git/cpctelera/cpctelera/cpctelera.lib
                                          [ cpct_isKeyPressed.rel ]
/home/markets/git/cpctelera/cpctelera/cpctelera.lib
                                          [ cpct_setPalette_asmbindings.rel ]
/home/markets/git/cpctelera/cpctelera/cpctelera.lib
                                          [ arkostracker.rel ]
/home/markets/git/cpctelera/cpctelera/tools/sdcc-3.5.5/bin/../share/sdcc/lib/z80/z80.lib
                                          [ mul.rel ]
/home/markets/git/cpctelera/cpctelera/cpctelera.lib
                                          [ cpct_setVideoMemoryPage.rel ]
/home/markets/git/cpctelera/cpctelera/cpctelera.lib
                                          [ cpct_waitVSYNC.rel ]
/home/markets/git/cpctelera/cpctelera/cpctelera.lib
                                          [ cpct_setVideoMode_asmbindings.re ]
/home/markets/git/cpctelera/cpctelera/cpctelera.lib
                                          [ cpct_memcpy_asmbindings.rel ]
/home/markets/git/cpctelera/cpctelera/cpctelera.lib
                                          [ cpct_removeInterruptHandler.rel ]
/home/markets/git/cpctelera/cpctelera/cpctelera.lib
                                          [ cpct_drawSolidBox_asmbindings.re ]
/home/markets/git/cpctelera/cpctelera/cpctelera.lib
                                          [ cpc_mode_rom_status.rel ]
/home/markets/git/cpctelera/cpctelera/cpctelera.lib
                                          [ cpct_getScreenPtr_asmbindings.re ]
/home/markets/git/cpctelera/cpctelera/cpctelera.lib
                                          [ cpct_scanKeyboard.rel ]

ASxxxx Linker V03.00 + NoICE + sdld,  page 8.

User Base Address Definitions

_CODE = 0x0100
_DATA = 0x0000

