ASxxxx Linker V03.00 + NoICE + sdld,  page 1.
Hexadecimal  [32-Bits]

Area                                    Addr        Size        Decimal Bytes (Attributes)
--------------------------------        ----        ----        ------- ----- ------------
.  .ABS.                            00000000    00000000 =           0. bytes (ABS,CON)

      Value  Global                              Global Defined In Module
      -----  --------------------------------   ------------------------
     00000000  .__.ABS.                           cpct_keyboard
     00000000  l__CABS                         
     00000000  l__DABS                         
     00000000  l__DATA                         
     00000000  l__GSFINAL                      
     00000000  l__GSINIT                       
     00000000  l__HOME                         
     00000000  l__INITIALIZED                  
     00000000  l__INITIALIZER                  
     00000000  s__CABS                         
     00000000  s__DABS                         
     00000100  s__CODE                         
     0000056C  l__CODE                         
     0000066C  s__DATA                         
     0000066C  s__GSFINAL                      
     0000066C  s__GSINIT                       
     0000066C  s__HOME                         
     0000066C  s__INITIALIZED                  
     0000066C  s__INITIALIZER                  

ASxxxx Linker V03.00 + NoICE + sdld,  page 2.
Hexadecimal  [32-Bits]

Area                                    Addr        Size        Decimal Bytes (Attributes)
--------------------------------        ----        ----        ------- ----- ------------
_CODE                               00000100    0000056C =        1388. bytes (REL,CON)

      Value  Global                              Global Defined In Module
      -----  --------------------------------   ------------------------
     00000100  _moveIA                            IA
     00000101  entityDraw                         
     0000011B  entityErase                        
     00000134  entityUpdatePhysics                
     000001E7  entityCheckCollision               
     0000023C  entityUpdatePosition               
     000002B3  frisbee_data                       
     000002C8  frisbee_setOff                     
     000002CE  frisbee_erase                      
     000002D6  frisbee_setVelocities              
     000002E7  frisbee_setEffect                  
     000002EB  frisbee_update                     
     00000306  frisbee_draw                       
     00000384  game_data                          
     00000389  _main                              
     00000395  _cpct_keyboardStatusBuffer         cpct_keyboard
     0000039F  player_data                        cpct_keyboard
     000003B2  enemy_data                         cpct_keyboard
     000003C5  player_erase                       cpct_keyboard
     000003D4  player_update                      cpct_keyboard
     0000040A  player_draw                        cpct_keyboard
     00000502  menuStart                          
     0000050B  gameStart                          
     0000052E  _cpct_isKeyPressed                 cpct_keyboard
     0000052E  cpct_isKeyPressed_asm              cpct_keyboard
     0000053A  cpct_setPalette_asm                cpct_video
     0000054D  _cpct_waitVSYNC                    cpct_video
     0000054D  cpct_waitVSYNC_asm                 cpct_video
     00000555  cpct_setVideoMode_asm              cpct_video
     00000562  _cpct_disableFirmware              cpct_firmware
     00000562  _cpct_removeInterruptHandler       cpct_firmware
     00000562  cpct_disableFirmware_asm           cpct_firmware
     00000562  cpct_removeInterruptHandler_asm    cpct_firmware
     00000572  cpct_drawSolidBox_asm              cpct_sprites
     0000061E  _cpct_mode_rom_status              cpct_firmware
     0000061F  cpct_getScreenPtr_asm              cpct_video
     0000063B  _cpct_scanKeyboard                 cpct_keyboard
     0000063B  cpct_scanKeyboard_asm              cpct_keyboard

ASxxxx Linker V03.00 + NoICE + sdld,  page 3.

Files Linked                              [ module(s) ]

obj/IA.rel                                [ IA ]
obj/entity.rel                            [  ]
obj/frisbee.rel                           [  ]
obj/entity.h.rel                          [  ]
obj/game.h.rel                            [  ]
obj/player.h.rel                          [  ]
obj/utility.h.rel                         [  ]
obj/main.rel                              [  ]
obj/menu.h.rel                            [  ]
obj/frisbee.h.rel                         [  ]
obj/player.rel                            [ cpct_keyboard ]
obj/menu.rel                              [  ]
obj/game.rel                              [  ]


Libraries Linked                          [ object file ]

/home/markets/git/cpctelera/cpctelera/cpctelera.lib
                                          [ cpct_isKeyPressed.rel ]
/home/markets/git/cpctelera/cpctelera/cpctelera.lib
                                          [ cpct_setPalette_asmbindings.rel ]
/home/markets/git/cpctelera/cpctelera/cpctelera.lib
                                          [ cpct_waitVSYNC.rel ]
/home/markets/git/cpctelera/cpctelera/cpctelera.lib
                                          [ cpct_setVideoMode_asmbindings.re ]
/home/markets/git/cpctelera/cpctelera/cpctelera.lib
                                          [ cpct_removeInterruptHandler.rel ]
/home/markets/git/cpctelera/cpctelera/cpctelera.lib
                                          [ cpct_drawSolidBox_asmbindings.re ]
/home/markets/git/cpctelera/cpctelera/cpctelera.lib
                                          [ cpc_mode_rom_status.rel ]
/home/markets/git/cpctelera/cpctelera/cpctelera.lib
                                          [ cpct_getScreenPtr_asmbindings.re ]
/home/markets/git/cpctelera/cpctelera/cpctelera.lib
                                          [ cpct_scanKeyboard.rel ]

ASxxxx Linker V03.00 + NoICE + sdld,  page 4.

User Base Address Definitions

_CODE = 0x0100
_DATA = 0x0000

