ASxxxx Linker V03.00 + NoICE + sdld,  page 1.
Hexadecimal  [32-Bits]

Area                                    Addr        Size        Decimal Bytes (Attributes)
--------------------------------        ----        ----        ------- ----- ------------
.  .ABS.                            00000000    00000000 =           0. bytes (ABS,CON)

      Value  Global                              Global Defined In Module
      -----  --------------------------------   ------------------------
     00000000  .__.ABS.                           cpct_keyboard
     00000000  l__CABS                         
     00000000  l__DABS                         
     00000000  l__DATA                         
     00000000  l__GSFINAL                      
     00000000  l__GSINIT                       
     00000000  l__HOME                         
     00000000  l__INITIALIZED                  
     00000000  l__INITIALIZER                  
     00000000  s__CABS                         
     00000000  s__DABS                         
     00000100  s__CODE                         
     00000614  l__CODE                         
     00000714  s__DATA                         
     00000714  s__GSFINAL                      
     00000714  s__GSINIT                       
     00000714  s__HOME                         
     00000714  s__INITIALIZED                  
     00000714  s__INITIALIZER                  

ASxxxx Linker V03.00 + NoICE + sdld,  page 2.
Hexadecimal  [32-Bits]

Area                                    Addr        Size        Decimal Bytes (Attributes)
--------------------------------        ----        ----        ------- ----- ------------
_CODE                               00000100    00000614 =        1556. bytes (REL,CON)

      Value  Global                              Global Defined In Module
      -----  --------------------------------   ------------------------
     00000100  _moveIA                            IA
     00000101  entityDraw                         
     00000122  entityErase                        
     0000013C  entityUpdatePhysics                
     000001EF  entityCheckCollision               
     00000244  entityUpdatePosition               
     000002C0  negateHL                           
     000002F1  frisbee_data                       
     0000030A  init_data                          
     00000323  frisbee_setOff                     
     00000329  frisbee_restart                    
     00000352  frisbee_erase                      
     0000035A  frisbee_setVelocities              
     0000036B  frisbee_setEffect                  
     00000376  frisbee_update                     
     00000391  frisbee_draw                       
     000003AD  frisbee_checkGoal                  
     000003CF  game_data                          
     000003CF  game_type                          
     000003D0  game_map                           
     000003D2  game_fTime                         
     000003D4  game_t1points                      
     000003D5  game_t2points                      
     000003D6  _main                              
     000003E5  _cpct_keyboardStatusBuffer         cpct_keyboard
     000003EF  player_data                        cpct_keyboard
     00000406  enemy_data                         cpct_keyboard
     0000041D  player_erase                       cpct_keyboard
     0000042C  player_update                      cpct_keyboard
     00000470  player_draw                        cpct_keyboard
     00000565  menuStart                          
     00000570  gameStart                          
     00000577  getVideoPtr                        
     000005CA  _cpct_isKeyPressed                 cpct_keyboard
     000005CA  cpct_isKeyPressed_asm              cpct_keyboard
     000005D6  cpct_setPalette_asm                cpct_video
     000005E9  _cpct_setVideoMemoryPage           cpct_video
     000005E9  cpct_setVideoMemoryPage_asm        cpct_video
     000005F2  _cpct_waitVSYNC                    cpct_video
     000005F2  cpct_waitVSYNC_asm                 cpct_video
     000005FA  cpct_setVideoMode_asm              cpct_video
     00000607  cpct_memcpy_asm                    cpct_memutils
     0000060A  _cpct_disableFirmware              cpct_firmware
     0000060A  _cpct_removeInterruptHandler       cpct_firmware
     0000060A  cpct_disableFirmware_asm           cpct_firmware
     0000060A  cpct_removeInterruptHandler_asm    cpct_firmware
     0000061A  cpct_drawSolidBox_asm              cpct_sprites
     000006C6  _cpct_mode_rom_status              cpct_firmware
     000006C7  cpct_getScreenPtr_asm              cpct_video
     000006E3  _cpct_scanKeyboard                 cpct_keyboard
ASxxxx Linker V03.00 + NoICE + sdld,  page 3.
Hexadecimal  [32-Bits]

Area                                    Addr        Size        Decimal Bytes (Attributes)
--------------------------------        ----        ----        ------- ----- ------------
_CODE                               00000100    00000614 =        1556. bytes (REL,CON)

      Value  Global                              Global Defined In Module
      -----  --------------------------------   ------------------------
     000006E3  cpct_scanKeyboard_asm              cpct_keyboard
ASxxxx Linker V03.00 + NoICE + sdld,  page 4.

Files Linked                              [ module(s) ]

obj/IA.rel                                [ IA ]
obj/entity.rel                            [  ]
obj/frisbee.rel                           [  ]
obj/entity.h.rel                          [  ]
obj/game.h.rel                            [  ]
obj/player.h.rel                          [  ]
obj/utility.h.rel                         [  ]
obj/main.rel                              [  ]
obj/menu.h.rel                            [  ]
obj/frisbee.h.rel                         [  ]
obj/player.rel                            [ cpct_keyboard ]
obj/menu.rel                              [  ]
obj/game.rel                              [  ]


Libraries Linked                          [ object file ]

/home/markets/git/cpctelera/cpctelera/cpctelera.lib
                                          [ cpct_isKeyPressed.rel ]
/home/markets/git/cpctelera/cpctelera/cpctelera.lib
                                          [ cpct_setPalette_asmbindings.rel ]
/home/markets/git/cpctelera/cpctelera/cpctelera.lib
                                          [ cpct_setVideoMemoryPage.rel ]
/home/markets/git/cpctelera/cpctelera/cpctelera.lib
                                          [ cpct_waitVSYNC.rel ]
/home/markets/git/cpctelera/cpctelera/cpctelera.lib
                                          [ cpct_setVideoMode_asmbindings.re ]
/home/markets/git/cpctelera/cpctelera/cpctelera.lib
                                          [ cpct_memcpy_asmbindings.rel ]
/home/markets/git/cpctelera/cpctelera/cpctelera.lib
                                          [ cpct_removeInterruptHandler.rel ]
/home/markets/git/cpctelera/cpctelera/cpctelera.lib
                                          [ cpct_drawSolidBox_asmbindings.re ]
/home/markets/git/cpctelera/cpctelera/cpctelera.lib
                                          [ cpc_mode_rom_status.rel ]
/home/markets/git/cpctelera/cpctelera/cpctelera.lib
                                          [ cpct_getScreenPtr_asmbindings.re ]
/home/markets/git/cpctelera/cpctelera/cpctelera.lib
                                          [ cpct_scanKeyboard.rel ]

ASxxxx Linker V03.00 + NoICE + sdld,  page 5.

User Base Address Definitions

_CODE = 0x0100
_DATA = 0x0000

