ASxxxx Linker V03.00 + NoICE + sdld,  page 1.
Hexadecimal  [32-Bits]

Area                                    Addr        Size        Decimal Bytes (Attributes)
--------------------------------        ----        ----        ------- ----- ------------
.  .ABS.                            00000000    00000000 =           0. bytes (ABS,CON)

      Value  Global                              Global Defined In Module
      -----  --------------------------------   ------------------------
     00000000  .__.ABS.                           cpct_firmware
     00000000  l__CABS                         
     00000000  l__DABS                         
     00000000  l__DATA                         
     00000000  l__GSFINAL                      
     00000000  l__GSINIT                       
     00000000  l__HOME                         
     00000000  l__INITIALIZED                  
     00000000  l__INITIALIZER                  
     00000000  s__CABS                         
     00000000  s__DABS                         
     00000F83  l__CODE                         
     00004000  s__CODE                         
     00004F83  s__DATA                         
     00004F83  s__GSFINAL                      
     00004F83  s__GSINIT                       
     00004F83  s__HOME                         
     00004F83  s__INITIALIZED                  
     00004F83  s__INITIALIZER                  

ASxxxx Linker V03.00 + NoICE + sdld,  page 2.
Hexadecimal  [32-Bits]

Area                                    Addr        Size        Decimal Bytes (Attributes)
--------------------------------        ----        ----        ------- ----- ------------
_CODE                               00004000    00000F83 =        3971. bytes (REL,CON)

      Value  Global                              Global Defined In Module
      -----  --------------------------------   ------------------------
     00004000  _g_shit                            shit
     00004E10  _g_palette                         tileset
     00004E20  _g_tileset                         tileset
     00004E24  _g_tileset_0                       tileset
     00004E2C  _g_tileset_1                       tileset
     00004E34  _main                              main
     00004E6C  _cpct_setPalette                   cpct_video
     00004E83  _cpct_setPALColour                 cpct_video
     00004E8F  _cpct_etm_drawTileBox2x4           cpct_easytilemaps
     00004F1E  _cpct_etm_setTileset2x4            cpct_easytilemaps
     00004F1E  cpct_etm_setTileset2x4_asm         cpct_easytilemaps
     00004F22  _cpct_etm_drawTileRow2x4           cpct_easytilemaps
     00004F29  cpct_etm_drawTileRow2x4_asm        cpct_easytilemaps
     00004F2B  dtr_restore_ptileset               cpct_easytilemaps
     00004F43  _cpct_setVideoMode                 cpct_video
     00004F51  _cpct_disableFirmware              cpct_firmware
     00004F51  _cpct_removeInterruptHandler       cpct_firmware
     00004F51  cpct_disableFirmware_asm           cpct_firmware
     00004F51  cpct_removeInterruptHandler_asm    cpct_firmware
     00004F61  cpct_drawTileAligned2x4_f_asm      cpct_sprites
     00004F82  _cpct_mode_rom_status              cpct_firmware
ASxxxx Linker V03.00 + NoICE + sdld,  page 3.

Files Linked                              [ module(s) ]

obj/shit.rel                              [ shit ]
obj/tileset.rel                           [ tileset ]
obj/main.rel                              [ main ]


Libraries Linked                          [ object file ]

/home/markets/git/cpctelera/cpctelera/cpctelera.lib
                                          [ cpct_setPalette_cbindings.rel ]
/home/markets/git/cpctelera/cpctelera/cpctelera.lib
                                          [ cpct_setPALColour_cbindings.rel ]
/home/markets/git/cpctelera/cpctelera/cpctelera.lib
                                          [ cpct_etm_drawTileBox2x4_cbinding ]
/home/markets/git/cpctelera/cpctelera/cpctelera.lib
                                          [ cpct_etm_setTileset2x4.rel ]
/home/markets/git/cpctelera/cpctelera/cpctelera.lib
                                          [ cpct_etm_drawTileRow2x4.rel ]
/home/markets/git/cpctelera/cpctelera/cpctelera.lib
                                          [ cpct_setVideoMode_cbindings.rel ]
/home/markets/git/cpctelera/cpctelera/cpctelera.lib
                                          [ cpct_removeInterruptHandler.rel ]
/home/markets/git/cpctelera/cpctelera/cpctelera.lib
                                          [ cpct_drawTileAligned2x4_f_asmbin ]
/home/markets/git/cpctelera/cpctelera/cpctelera.lib
                                          [ cpc_mode_rom_status.rel ]

ASxxxx Linker V03.00 + NoICE + sdld,  page 4.

User Base Address Definitions

_CODE = 0x4000
_DATA = 0x0000

