ASxxxx Linker V03.00 + NoICE + sdld,  page 1.
Hexadecimal  [32-Bits]

Area                                    Addr        Size        Decimal Bytes (Attributes)
--------------------------------        ----        ----        ------- ----- ------------
.  .ABS.                            00000000    00000000 =           0. bytes (ABS,CON)

      Value  Global                              Global Defined In Module
      -----  --------------------------------   ------------------------
     00000000  .__.ABS.                           cpct_keyboard
     00000000  l__CABS                         
     00000000  l__DABS                         
     00000000  l__GSFINAL                      
     00000000  l__GSINIT                       
     00000000  l__HOME                         
     00000000  s__CABS                         
     00000000  s__DABS                         
     00000006  l__DATA                         
     00000012  l__INITIALIZED                  
     00000012  l__INITIALIZER                  
     00002BBD  l__CODE                         
     00004000  s__CODE                         
     00006BBD  s__DATA                         
     00006BC3  s__INITIALIZED                  
     00006BD5  s__GSFINAL                      
     00006BD5  s__GSINIT                       
     00006BD5  s__HOME                         
     00006BD5  s__INITIALIZER                  

ASxxxx Linker V03.00 + NoICE + sdld,  page 2.
Hexadecimal  [32-Bits]

Area                                    Addr        Size        Decimal Bytes (Attributes)
--------------------------------        ----        ----        ------- ----- ------------
_CODE                               00004000    00002BBD =       11197. bytes (REL,CON)

      Value  Global                              Global Defined In Module
      -----  --------------------------------   ------------------------
     00004000  _sprite_points                     points
     00004007  _sprite_numbers_00                 numbers
     0000401C  _sprite_numbers_01                 numbers
     00004031  _sprite_numbers_02                 numbers
     00004046  _sprite_numbers_03                 numbers
     0000405B  _sprite_numbers_04                 numbers
     00004070  _sprite_numbers_05                 numbers
     00004085  _sprite_numbers_06                 numbers
     0000409A  _sprite_numbers_07                 numbers
     000040AF  _sprite_numbers_08                 numbers
     000040C4  _sprite_numbers_09                 numbers
     000040D9  _sprite_frisbee_1_0                frisbee_1
     00004119  _sprite_frisbee_1_1                frisbee_1
     00004159  _sprite_robot_2_0                  robot_2
     000041BD  _sprite_robot_2_1                  robot_2
     00004221  _sprite_palette                    robot_1
     00004231  _sprite_robot_1_0                  robot_1
     00004295  _sprite_robot_1_1                  robot_1
     000042F9  _initAcel                          IA
     00004403  _cerca                             IA
     0000440E  _medio                             IA
     00004419  _lejos                             IA
     00004424  _acelMu                            IA
     0000442F  _acelPo                            IA
     0000443A  _acelMed                           IA
     00004445  _rulex                             IA
     00004449  _rulex1                            IA
     0000444D  _rulex2                            IA
     00004451  _ruley                             IA
     00004455  _ruley1                            IA
     00004459  _ruley2                            IA
     0000445D  _calculateDom                      IA
     00004783  _defuzzi                           IA
     00004890  _calcule                           IA
     00004918  _calcularb_direc                   IA
     0000494D  _fuzzificacion                     IA
     00004AAC  _moveIA                            IA
     00004AFC  _sprite_frisbeeMenu                frisbeeMenu
     00004B0C  robot_1_sprites                    
     00004B10  robot_2_sprites                    
     00004B14  frisbee_sprites                    
     00004B18  entityDraw                         
     00004B4D  entityErase                        
     00004B67  entityUpdatePhysics                
     00004C6C  entityCheckCollision               
     00004CC1  entityUpdatePosition               
     00004D3D  negateHL                           
     00004D6E  frisbee_data                       
     00004D8B  init_data                          
     00004DA8  frisbee_restart                    
ASxxxx Linker V03.00 + NoICE + sdld,  page 3.
Hexadecimal  [32-Bits]

Area                                    Addr        Size        Decimal Bytes (Attributes)
--------------------------------        ----        ----        ------- ----- ------------
_CODE                               00004000    00002BBD =       11197. bytes (REL,CON)

      Value  Global                              Global Defined In Module
      -----  --------------------------------   ------------------------
     00004DD1  frisbee_erase                      
     00004DD9  frisbee_setVelocities              
     00004E10  frisbee_setEffect                  
     00004E1B  frisbee_update                     
     00004E36  frisbee_draw                       
     00004E3E  frisbee_setState                   
     00004E42  update_frisbee_animation           
     00004E8F  frisbee_checkGoal                  
     00004EB1  _main                              
     00004EC0  _cpct_keyboardStatusBuffer         cpct_keyboard
     00004ECA  player_erase                       cpct_keyboard
     00004ED9  player_update                      cpct_keyboard
     00004EF6  update_player_animation            cpct_keyboard
     000058FB  menuStart                          
     0000590E  menu_loop                          
     0000592D  menuOptionsStart                   
     0000593C  eraseOptionsRefactor               
     00005944  drawOptionsRefactor                
     0000594C  getWinCondition                    
     0000595B  printWinCondition                  
     00005965  getTimeOptions                     
     0000597C  printTimeOptions                   
     00005986  getScoreOptions                    
     000059A5  printScoreOptions                  
     000059AF  getMusicOption                     
     000059BE  printMusicOptions                  
     000059C8  printOptions                       
     000059D5  getMaxIterator                     
     000059E7  moveLeftWinCond                    
     000059FF  moveRightWinCond                   
     00005A19  moveLeftScore                      
     00005A1A  moveRightScore                     
     00005A1C  moveLeftTime                       
     00005A1D  moveRightTime                      
     00005A1F  moveLeftMusic                      
     00005A20  moveRightMusic                     
     00005A21  checkLateral                       
     00005A6D  checkSelection                     
     00005A92  reDrawCursor                       
     00005AB0  checkCursor                        
     00005AFB  wait_X_halts                       
     00005B08  setPaletteM1                       
     00005B17  setPaletteBlackM1                  
     00005B26  initializeOptionsMenu              
     00005BEC  cleanScreen                        
     00005C68  paletteM2                          
     00005C6A  paletteM1                          
     00005C6E  blackPaletteM1                     
     00005C72  player_data                        
     00005C8D  enemy_data                         
     00005CA8  player2_data                       
ASxxxx Linker V03.00 + NoICE + sdld,  page 4.
Hexadecimal  [32-Bits]

Area                                    Addr        Size        Decimal Bytes (Attributes)
--------------------------------        ----        ----        ------- ----- ------------
_CODE                               00004000    00002BBD =       11197. bytes (REL,CON)

      Value  Global                              Global Defined In Module
      -----  --------------------------------   ------------------------
     00005CC3  enemy2_data                        
     00005CDE  game_data                          
     00005CDE  game_type                          
     00005CDF  game_numPlayers                    
     00005CE0  game_WinCondition                  
     00005CE1  game_maxScore                      
     00005CE2  game_t1Score                       
     00005CE3  game_t2Score                       
     00005CE4  game_minute                        
     00005CE5  game_secLeft                       
     00005CE6  game_secRight                      
     00005CE7  game_maxTime                       
     00005CE9  game_map                           
     00005CEB  game_musicOptions                  
     00005CEC  game_timeOptions                   
     00005CED  game_interrMusic                   
     00005CEF  game_interrTime                    
     00005CF1  game_musicPlayer                   
     00005CF2  game_musicEffects                  
     00005CF3  game_enableMusic                   
     00005CF6  gameStart                          
     00005D0B  getVideoPtr                        
     00005D0F  incTeam1Points                     
     00005D1B  incTeam2Points                     
     00005D47  decideNumber                       
     00005D94  drawNumber                         
     00005DEE  updateTime                         
     00005E2D  handlerTime                        
     00005F31  _cpct_setInterruptHandler          cpct_firmware
     00005F31  cpct_setInterruptHandler_asm       cpct_firmware
     00005F42  cpct_safeInterruptHandlerHook      cpct_firmware
     00005F59  __divuint                          
     00005F61  __divuchar                         
     00005F68  __divu8                            
     00005F6B  __divu16                           
     00005F9A  _cpct_isKeyPressed                 cpct_keyboard
     00005F9A  cpct_isKeyPressed_asm              cpct_keyboard
     00005FA6  cpct_setPalette_asm                cpct_video
     00005FB9  cpct_setPALColour_asm              cpct_video
     00005FC3  _cpct_akp_digidrumStatus           cpct_audio
     00005FC4  _cpct_akp_songLoopTimes            cpct_audio
     00005FC5  _cpct_akp_musicPlay                cpct_audio
     00005FC5  cpct_akp_musicPlay_asm             cpct_audio
     000066C8  _cpct_akp_musicInit                cpct_audio
     000066CF  cpct_akp_musicInit_asm             cpct_audio
     00006728  _cpct_akp_stop                     cpct_audio
     00006728  cpct_akp_stop_asm                  cpct_audio
     0000673B  _cpct_akp_SFXGetInstrument         cpct_audio
     00006740  cpct_akp_SFXGetInstrument_asm      cpct_audio
     00006754  _cpct_akp_SFXInit                  cpct_audio
     0000675B  cpct_akp_SFXInit_asm               cpct_audio
ASxxxx Linker V03.00 + NoICE + sdld,  page 5.
Hexadecimal  [32-Bits]

Area                                    Addr        Size        Decimal Bytes (Attributes)
--------------------------------        ----        ----        ------- ----- ------------
_CODE                               00004000    00002BBD =       11197. bytes (REL,CON)

      Value  Global                              Global Defined In Module
      -----  --------------------------------   ------------------------
     00006762  _cpct_akp_SFXStopAll               cpct_audio
     00006762  cpct_akp_SFXStopAll_asm            cpct_audio
     0000676F  _cpct_akp_SFXPlay                  cpct_audio
     00006781  cpct_akp_SFXPlay_asm               cpct_audio
     000067CE  _cpct_akp_SFXStop                  cpct_audio
     000067D3  cpct_akp_SFXStop_asm               cpct_audio
     000067EC  _cpct_drawStringM2                 cpct_strings
     000067F4  cpct_drawStringM2_asm              cpct_strings
     0000680D  cpct_drawSprite_asm                cpct_sprites
     000068AD  _cpct_drawStringM1_f               cpct_strings
     000068B5  cpct_drawStringM1_f_asm            cpct_strings
     000068CF  _cpct_drawCharM2                   cpct_strings
     000068D5  cpct_drawCharM2_asm                cpct_strings
     0000691B  __mulint                           
     00006921  __mul16                            
     00006935  _cpct_drawCharM1_f                 cpct_strings
     00006942  cpct_drawCharM1_f_asm              cpct_strings
     00006A92  _cpct_setVideoMemoryPage           cpct_video
     00006A92  cpct_setVideoMemoryPage_asm        cpct_video
     00006A9B  _cpct_waitVSYNC                    cpct_video
     00006A9B  cpct_waitVSYNC_asm                 cpct_video
     00006AA3  cpct_setVideoMode_asm              cpct_video
     00006AB0  cpct_memcpy_asm                    cpct_memutils
     00006AB3  _cpct_disableFirmware              cpct_firmware
     00006AB3  _cpct_removeInterruptHandler       cpct_firmware
     00006AB3  cpct_disableFirmware_asm           cpct_firmware
     00006AB3  cpct_removeInterruptHandler_asm    cpct_firmware
     00006AC3  cpct_drawSolidBox_asm              cpct_sprites
     00006B6F  _cpct_mode_rom_status              cpct_firmware
     00006B70  cpct_getScreenPtr_asm              cpct_video
     00006B8C  _cpct_scanKeyboard                 cpct_keyboard
     00006B8C  cpct_scanKeyboard_asm              cpct_keyboard

ASxxxx Linker V03.00 + NoICE + sdld,  page 6.
Hexadecimal  [32-Bits]

Area                                    Addr        Size        Decimal Bytes (Attributes)
--------------------------------        ----        ----        ------- ----- ------------
_DATA                               00006BBD    00000006 =           6. bytes (REL,CON)

      Value  Global                              Global Defined In Module
      -----  --------------------------------   ------------------------
     00006BBD  _aceleracion                       IA

ASxxxx Linker V03.00 + NoICE + sdld,  page 7.
Hexadecimal  [32-Bits]

Area                                    Addr        Size        Decimal Bytes (Attributes)
--------------------------------        ----        ----        ------- ----- ------------
_INITIALIZED                        00006BC3    00000012 =          18. bytes (REL,CON)

      Value  Global                              Global Defined In Module
      -----  --------------------------------   ------------------------
     00006BC3  _vRulesx                           IA
     00006BC9  _vRulesy                           IA
     00006BCF  _fmems                             IA
ASxxxx Linker V03.00 + NoICE + sdld,  page 8.
Hexadecimal  [32-Bits]

Area                                    Addr        Size        Decimal Bytes (Attributes)
--------------------------------        ----        ----        ------- ----- ------------
_INITIALIZER                        00006BD5    00000012 =          18. bytes (REL,CON)

      Value  Global                              Global Defined In Module
      -----  --------------------------------   ------------------------
ASxxxx Linker V03.00 + NoICE + sdld,  page 9.

Files Linked                              [ module(s) ]

obj/sprites/maps/points.rel               [ points ]
obj/sprites/maps/numbers.rel              [ numbers ]
obj/sprites/frisbees/frisbee_1.rel        [ frisbee_1 ]
obj/sprites/characters/robot_2.rel        [ robot_2 ]
obj/sprites/characters/robot_1.rel        [ robot_1 ]
obj/IA.rel                                [ IA ]
obj/sprites/frisbees/frisbeeMenu.rel      [ frisbeeMenu ]
obj/entity.rel                            [  ]
obj/frisbee.rel                           [  ]
obj/entity.h.rel                          [  ]
obj/game.h.rel                            [  ]
obj/sprites.h.rel                         [  ]
obj/utility.h.rel                         [  ]
obj/main.rel                              [  ]
obj/menu.h.rel                            [  ]
obj/frisbee.h.rel                         [  ]
obj/credits.rel                           [  ]
obj/player.h.rel                          [  ]
obj/player.rel                            [ cpct_keyboard ]
obj/menu.rel                              [  ]
obj/game.rel                              [  ]


Libraries Linked                          [ object file ]

/home/pablo/cpctelera/cpctelera/cpctelera/cpctelera.lib
                                          [ cpct_setInterruptHandler.rel ]
/home/pablo/cpctelera/cpctelera/cpctelera/tools/sdcc-3.6.8-r9946/bin/../share/sdcc/lib/z80/z80.lib
                                          [ divunsigned.rel ]
/home/pablo/cpctelera/cpctelera/cpctelera/cpctelera.lib
                                          [ cpct_isKeyPressed.rel ]
/home/pablo/cpctelera/cpctelera/cpctelera/cpctelera.lib
                                          [ cpct_setPalette_asmbindings.rel ]
/home/pablo/cpctelera/cpctelera/cpctelera/cpctelera.lib
                                          [ cpct_setPALColour_asmbindings.re ]
/home/pablo/cpctelera/cpctelera/cpctelera/cpctelera.lib
                                          [ arkostracker.rel ]
/home/pablo/cpctelera/cpctelera/cpctelera/cpctelera.lib
                                          [ cpct_drawStringM2.rel ]
/home/pablo/cpctelera/cpctelera/cpctelera/cpctelera.lib
                                          [ cpct_drawSprite_asmbindings.rel ]
/home/pablo/cpctelera/cpctelera/cpctelera/cpctelera.lib
                                          [ cpct_drawStringM1_f.rel ]
/home/pablo/cpctelera/cpctelera/cpctelera/cpctelera.lib
                                          [ cpct_drawCharM2.rel ]
/home/pablo/cpctelera/cpctelera/cpctelera/tools/sdcc-3.6.8-r9946/bin/../share/sdcc/lib/z80/z80.lib
                                          [ mul.rel ]
/home/pablo/cpctelera/cpctelera/cpctelera/cpctelera.lib
                                          [ cpct_drawCharM1_f.rel ]
/home/pablo/cpctelera/cpctelera/cpctelera/cpctelera.lib
                                          [ cpct_setVideoMemoryPage.rel ]
/home/pablo/cpctelera/cpctelera/cpctelera/cpctelera.lib
                                          [ cpct_waitVSYNC.rel ]
/home/pablo/cpctelera/cpctelera/cpctelera/cpctelera.lib
                                          [ cpct_setVideoMode_asmbindings.re ]
/home/pablo/cpctelera/cpctelera/cpctelera/cpctelera.lib
                                          [ cpct_memcpy_asmbindings.rel ]
/home/pablo/cpctelera/cpctelera/cpctelera/cpctelera.lib
                                          [ cpct_removeInterruptHandler.rel ]
/home/pablo/cpctelera/cpctelera/cpctelera/cpctelera.lib
                                          [ cpct_drawSolidBox_asmbindings.re ]
/home/pablo/cpctelera/cpctelera/cpctelera/cpctelera.lib
                                          [ cpc_mode_rom_status.rel ]
/home/pablo/cpctelera/cpctelera/cpctelera/cpctelera.lib
                                          [ cpct_getScreenPtr_asmbindings.re ]
/home/pablo/cpctelera/cpctelera/cpctelera/cpctelera.lib
                                          [ cpct_scanKeyboard.rel ]

ASxxxx Linker V03.00 + NoICE + sdld,  page 10.

User Base Address Definitions

_CODE = 0x4000
_DATA = 0x0000

