ASxxxx Linker V03.00 + NoICE + sdld,  page 1.
Hexadecimal  [32-Bits]

Area                                    Addr        Size        Decimal Bytes (Attributes)
--------------------------------        ----        ----        ------- ----- ------------
.  .ABS.                            00000000    00000000 =           0. bytes (ABS,CON)

      Value  Global                              Global Defined In Module
      -----  --------------------------------   ------------------------
     00000000  .__.ABS.                           cpct_keyboard
     00000000  l__CABS                         
     00000000  l__DABS                         
     00000000  l__GSFINAL                      
     00000000  l__GSINIT                       
     00000000  l__HOME                         
     00000000  l___mainSong                    
     00000000  s__CABS                         
     00000000  s__DABS                         
     00000000  s___mainSong                    
     00000000  s___mainSong0                   
     00000006  l__DATA                         
     00000012  l__INITIALIZED                  
     00000012  l__INITIALIZER                  
     00000DFF  l___mainSong0                   
     00002FBD  l__CODE                         
     00004000  s__CODE                         
     00006FBD  s__DATA                         
     00006FC3  s__INITIALIZED                  
     00006FD5  s__GSFINAL                      
     00006FD5  s__GSINIT                       
     00006FD5  s__HOME                         
     00006FD5  s__INITIALIZER                  

ASxxxx Linker V03.00 + NoICE + sdld,  page 2.
Hexadecimal  [32-Bits]

Area                                    Addr        Size        Decimal Bytes (Attributes)
--------------------------------        ----        ----        ------- ----- ------------
_CODE                               00004000    00002FBD =       12221. bytes (REL,CON)

      Value  Global                              Global Defined In Module
      -----  --------------------------------   ------------------------
     00004000  _sprite_points                     points
     00004007  _sprite_numbers_00                 numbers
     0000401C  _sprite_numbers_01                 numbers
     00004031  _sprite_numbers_02                 numbers
     00004046  _sprite_numbers_03                 numbers
     0000405B  _sprite_numbers_04                 numbers
     00004070  _sprite_numbers_05                 numbers
     00004085  _sprite_numbers_06                 numbers
     0000409A  _sprite_numbers_07                 numbers
     000040AF  _sprite_numbers_08                 numbers
     000040C4  _sprite_numbers_09                 numbers
     000040D9  _sprite_frisbeeMenu_0              frisbeeMenu
     000040E9  _sprite_frisbeeMenu_1              frisbeeMenu
     000040F9  _sprite_frisbee_1_0                frisbee_1
     00004139  _sprite_frisbee_1_1                frisbee_1
     00004179  _sprite_robot_2_0                  robot_2
     000041DD  _sprite_robot_2_1                  robot_2
     00004241  _sprite_palette                    robot_1
     00004251  _sprite_robot_1_0                  robot_1
     000042B5  _sprite_robot_1_1                  robot_1
     00004319  _initAcel                          IA
     00004423  _cerca                             IA
     0000442E  _medio                             IA
     00004439  _lejos                             IA
     00004444  _acelMu                            IA
     0000444F  _acelPo                            IA
     0000445A  _acelMed                           IA
     00004465  _rulex                             IA
     00004469  _rulex1                            IA
     0000446D  _rulex2                            IA
     00004471  _ruley                             IA
     00004475  _ruley1                            IA
     00004479  _ruley2                            IA
     0000447D  _calculateDom                      IA
     000047A3  _defuzzi                           IA
     000048B0  _calcule                           IA
     00004938  _calcularb_direc                   IA
     0000496D  _fuzzificacion                     IA
     00004ACC  _moveIA                            IA
     00004B1C  robot_1_sprites                    
     00004B20  robot_2_sprites                    
     00004B24  frisbee_sprites                    
     00004B28  entityDraw                         
     00004B5D  entityErase                        
     00004B77  entityUpdatePhysics                
     00004C7C  entityCheckCollision               
     00004CD1  entityUpdatePosition               
     00004D4D  negateHL                           
     00004D7E  frisbee_data                       
     00004D9B  init_data                          
ASxxxx Linker V03.00 + NoICE + sdld,  page 3.
Hexadecimal  [32-Bits]

Area                                    Addr        Size        Decimal Bytes (Attributes)
--------------------------------        ----        ----        ------- ----- ------------
_CODE                               00004000    00002FBD =       12221. bytes (REL,CON)

      Value  Global                              Global Defined In Module
      -----  --------------------------------   ------------------------
     00004DB8  frisbee_restart                    
     00004DE1  frisbee_erase                      
     00004DE9  frisbee_setVelocities              
     00004E20  frisbee_setEffect                  
     00004E2B  frisbee_update                     
     00004E46  frisbee_draw                       
     00004E4E  frisbee_setState                   
     00004E52  update_frisbee_animation           
     00004E9F  frisbee_checkGoal                  
     00004EC1  _main                              
     00004ED2  _cpct_keyboardStatusBuffer         cpct_keyboard
     00004EDC  player_erase                       cpct_keyboard
     00004EEB  player_update                      cpct_keyboard
     00004F08  update_player_animation            cpct_keyboard
     0000598B  menuStart                          
     000059A2  menu_loop                          
     000059E2  menuOptionsStart                   
     000059F1  eraseOptionsRefactor               
     000059F9  drawOptionsRefactor                
     00005A01  getWinCondition                    
     00005A10  eraseWinCondition                  
     00005A1A  printWinCondition                  
     00005A24  getTimeOptions                     
     00005A3B  eraseTimeOptions                   
     00005A45  printTimeOptions                   
     00005A4F  getScoreOptions                    
     00005A6E  eraseScoreOptions                  
     00005A78  printScoreOptions                  
     00005A82  getMusicOption                     
     00005A91  eraseMusicOptions                  
     00005A9B  printMusicOptions                  
     00005AA5  printOptions                       
     00005AB2  setWinCondition                    
     00005AC3  setTimeOptions                     
     00005ADC  setScoreOptions                    
     00005AFB  setMusicOptions                    
     00005B0C  setGameVariables                   
     00005B19  getMaxIterator                     
     00005B2B  moveLeftWinCond                    
     00005B4D  moveRightWinCond                   
     00005B71  moveLeftScore                      
     00005B93  moveRightScore                     
     00005BB7  moveLeftTime                       
     00005BD9  moveRightTime                      
     00005BFD  moveLeftMusic                      
     00005C1F  moveRightMusic                     
     00005C42  checkLateral                       
     00005C9F  checkSelection                     
     00005CC4  reDrawCursor                       
     00005CF8  checkCursor                        
     00005D43  wait_X_halts                       
ASxxxx Linker V03.00 + NoICE + sdld,  page 4.
Hexadecimal  [32-Bits]

Area                                    Addr        Size        Decimal Bytes (Attributes)
--------------------------------        ----        ----        ------- ----- ------------
_CODE                               00004000    00002FBD =       12221. bytes (REL,CON)

      Value  Global                              Global Defined In Module
      -----  --------------------------------   ------------------------
     00005D50  setPaletteM1                       
     00005D5F  setPaletteBlackM1                  
     00005D6E  initializeOptionsMenu              
     00005E14  cleanScreen                        
     00005F28  printCredits                       
     00005FA6  paletteM2                          
     00005FA8  paletteM1                          
     00005FAC  blackPaletteM1                     
     00005FB0  player_data                        
     00005FCB  enemy_data                         
     00005FE6  player2_data                       
     00006001  enemy2_data                        
     0000601C  game_data                          
     0000601C  game_type                          
     0000601D  game_numPlayers                    
     0000601E  game_WinCondition                  
     0000601F  game_maxScore                      
     00006020  game_t1Score                       
     00006021  game_t2Score                       
     00006022  game_minute                        
     00006023  game_secLeft                       
     00006024  game_secRight                      
     00006025  game_maxTime                       
     00006027  game_map                           
     00006029  game_musicOptions                  
     0000602A  game_timeOptions                   
     0000602B  game_interrMusic                   
     0000602C  game_interrTime                    
     0000602E  game_musicPlayer                   
     0000602F  game_musicEffects                  
     00006030  game_enableMusic                   
     00006033  gameStart                          
     0000605A  getVideoPtr                        
     0000605E  incTeam1Points                     
     0000606A  incTeam2Points                     
     00006096  decideNumber                       
     000060E3  drawNumber                         
     000060EB  drawTimeCounters                   
     0000613D  updateTime                         
     0000617C  handlerTime                        
     00006194  handlerMusic                       
     000061AD  configureISR                       
     00006331  _cpct_setInterruptHandler          cpct_firmware
     00006331  cpct_setInterruptHandler_asm       cpct_firmware
     00006342  cpct_safeInterruptHandlerHook      cpct_firmware
     00006359  __divuint                          
     00006361  __divuchar                         
     00006368  __divu8                            
     0000636B  __divu16                           
     0000639A  _cpct_isKeyPressed                 cpct_keyboard
     0000639A  cpct_isKeyPressed_asm              cpct_keyboard
ASxxxx Linker V03.00 + NoICE + sdld,  page 5.
Hexadecimal  [32-Bits]

Area                                    Addr        Size        Decimal Bytes (Attributes)
--------------------------------        ----        ----        ------- ----- ------------
_CODE                               00004000    00002FBD =       12221. bytes (REL,CON)

      Value  Global                              Global Defined In Module
      -----  --------------------------------   ------------------------
     000063A6  cpct_setPalette_asm                cpct_video
     000063B9  cpct_setPALColour_asm              cpct_video
     000063C3  _cpct_akp_digidrumStatus           cpct_audio
     000063C4  _cpct_akp_songLoopTimes            cpct_audio
     000063C5  _cpct_akp_musicPlay                cpct_audio
     000063C5  cpct_akp_musicPlay_asm             cpct_audio
     00006AC8  _cpct_akp_musicInit                cpct_audio
     00006ACF  cpct_akp_musicInit_asm             cpct_audio
     00006B28  _cpct_akp_stop                     cpct_audio
     00006B28  cpct_akp_stop_asm                  cpct_audio
     00006B3B  _cpct_akp_SFXGetInstrument         cpct_audio
     00006B40  cpct_akp_SFXGetInstrument_asm      cpct_audio
     00006B54  _cpct_akp_SFXInit                  cpct_audio
     00006B5B  cpct_akp_SFXInit_asm               cpct_audio
     00006B62  _cpct_akp_SFXStopAll               cpct_audio
     00006B62  cpct_akp_SFXStopAll_asm            cpct_audio
     00006B6F  _cpct_akp_SFXPlay                  cpct_audio
     00006B81  cpct_akp_SFXPlay_asm               cpct_audio
     00006BCE  _cpct_akp_SFXStop                  cpct_audio
     00006BD3  cpct_akp_SFXStop_asm               cpct_audio
     00006BEC  _cpct_drawStringM2                 cpct_strings
     00006BF4  cpct_drawStringM2_asm              cpct_strings
     00006C0D  cpct_drawSprite_asm                cpct_sprites
     00006CAD  _cpct_drawStringM1_f               cpct_strings
     00006CB5  cpct_drawStringM1_f_asm            cpct_strings
     00006CCF  _cpct_drawCharM2                   cpct_strings
     00006CD5  cpct_drawCharM2_asm                cpct_strings
     00006D1B  __mulint                           
     00006D21  __mul16                            
     00006D35  _cpct_drawCharM1_f                 cpct_strings
     00006D42  cpct_drawCharM1_f_asm              cpct_strings
     00006E92  _cpct_setVideoMemoryPage           cpct_video
     00006E92  cpct_setVideoMemoryPage_asm        cpct_video
     00006E9B  _cpct_waitVSYNC                    cpct_video
     00006E9B  cpct_waitVSYNC_asm                 cpct_video
     00006EA3  cpct_setVideoMode_asm              cpct_video
     00006EB0  cpct_memcpy_asm                    cpct_memutils
     00006EB3  _cpct_disableFirmware              cpct_firmware
     00006EB3  _cpct_removeInterruptHandler       cpct_firmware
     00006EB3  cpct_disableFirmware_asm           cpct_firmware
     00006EB3  cpct_removeInterruptHandler_asm    cpct_firmware
     00006EC3  cpct_drawSolidBox_asm              cpct_sprites
     00006F6F  _cpct_mode_rom_status              cpct_firmware
     00006F70  cpct_getScreenPtr_asm              cpct_video
     00006F8C  _cpct_scanKeyboard                 cpct_keyboard
     00006F8C  cpct_scanKeyboard_asm              cpct_keyboard
ASxxxx Linker V03.00 + NoICE + sdld,  page 6.
Hexadecimal  [32-Bits]

Area                                    Addr        Size        Decimal Bytes (Attributes)
--------------------------------        ----        ----        ------- ----- ------------
_DATA                               00006FBD    00000006 =           6. bytes (REL,CON)

      Value  Global                              Global Defined In Module
      -----  --------------------------------   ------------------------
     00006FBD  _aceleracion                       IA

ASxxxx Linker V03.00 + NoICE + sdld,  page 7.
Hexadecimal  [32-Bits]

Area                                    Addr        Size        Decimal Bytes (Attributes)
--------------------------------        ----        ----        ------- ----- ------------
_INITIALIZED                        00006FC3    00000012 =          18. bytes (REL,CON)

      Value  Global                              Global Defined In Module
      -----  --------------------------------   ------------------------
     00006FC3  _vRulesx                           IA
     00006FC9  _vRulesy                           IA
     00006FCF  _fmems                             IA
ASxxxx Linker V03.00 + NoICE + sdld,  page 8.
Hexadecimal  [32-Bits]

Area                                    Addr        Size        Decimal Bytes (Attributes)
--------------------------------        ----        ----        ------- ----- ------------
_INITIALIZER                        00006FD5    00000012 =          18. bytes (REL,CON)

      Value  Global                              Global Defined In Module
      -----  --------------------------------   ------------------------
ASxxxx Linker V03.00 + NoICE + sdld,  page 9.
Hexadecimal  [32-Bits]

Area                                    Addr        Size        Decimal Bytes (Attributes)
--------------------------------        ----        ----        ------- ----- ------------
__mainSong0                         00000000    00000DFF =        3583. bytes (ABS,CON)

      Value  Global                              Global Defined In Module
      -----  --------------------------------   ------------------------
     00000100  _mainSong                          

ASxxxx Linker V03.00 + NoICE + sdld,  page 10.

Files Linked                              [ module(s) ]

obj/sprites/maps/points.rel               [ points ]
obj/sprites/maps/numbers.rel              [ numbers ]
obj/sprites/frisbees/frisbeeMenu.rel      [ frisbeeMenu ]
obj/sprites/frisbees/frisbee_1.rel        [ frisbee_1 ]
obj/sprites/characters/robot_2.rel        [ robot_2 ]
obj/sprites/characters/robot_1.rel        [ robot_1 ]
obj/music/FrisBot.rel                     [  ]
obj/IA.rel                                [ IA ]
obj/entity.rel                            [  ]
obj/frisbee.rel                           [  ]
obj/entity.h.rel                          [  ]
obj/game.h.rel                            [  ]
obj/sprites.h.rel                         [  ]
obj/utility.h.rel                         [  ]
obj/main.rel                              [  ]
obj/menu.h.rel                            [  ]
obj/frisbee.h.rel                         [  ]
obj/credits.rel                           [  ]
obj/player.h.rel                          [  ]
obj/player.rel                            [ cpct_keyboard ]
obj/menu.rel                              [  ]
obj/game.rel                              [  ]


Libraries Linked                          [ object file ]

/home/pablo/cpctelera/cpctelera/cpctelera/cpctelera.lib
                                          [ cpct_setInterruptHandler.rel ]
/home/pablo/cpctelera/cpctelera/cpctelera/tools/sdcc-3.6.8-r9946/bin/../share/sdcc/lib/z80/z80.lib
                                          [ divunsigned.rel ]
/home/pablo/cpctelera/cpctelera/cpctelera/cpctelera.lib
                                          [ cpct_isKeyPressed.rel ]
/home/pablo/cpctelera/cpctelera/cpctelera/cpctelera.lib
                                          [ cpct_setPalette_asmbindings.rel ]
/home/pablo/cpctelera/cpctelera/cpctelera/cpctelera.lib
                                          [ cpct_setPALColour_asmbindings.re ]
/home/pablo/cpctelera/cpctelera/cpctelera/cpctelera.lib
                                          [ arkostracker.rel ]
/home/pablo/cpctelera/cpctelera/cpctelera/cpctelera.lib
                                          [ cpct_drawStringM2.rel ]
/home/pablo/cpctelera/cpctelera/cpctelera/cpctelera.lib
                                          [ cpct_drawSprite_asmbindings.rel ]
/home/pablo/cpctelera/cpctelera/cpctelera/cpctelera.lib
                                          [ cpct_drawStringM1_f.rel ]
/home/pablo/cpctelera/cpctelera/cpctelera/cpctelera.lib
                                          [ cpct_drawCharM2.rel ]
/home/pablo/cpctelera/cpctelera/cpctelera/tools/sdcc-3.6.8-r9946/bin/../share/sdcc/lib/z80/z80.lib
                                          [ mul.rel ]
/home/pablo/cpctelera/cpctelera/cpctelera/cpctelera.lib
                                          [ cpct_drawCharM1_f.rel ]
/home/pablo/cpctelera/cpctelera/cpctelera/cpctelera.lib
                                          [ cpct_setVideoMemoryPage.rel ]
/home/pablo/cpctelera/cpctelera/cpctelera/cpctelera.lib
                                          [ cpct_waitVSYNC.rel ]
/home/pablo/cpctelera/cpctelera/cpctelera/cpctelera.lib
                                          [ cpct_setVideoMode_asmbindings.re ]
/home/pablo/cpctelera/cpctelera/cpctelera/cpctelera.lib
                                          [ cpct_memcpy_asmbindings.rel ]
/home/pablo/cpctelera/cpctelera/cpctelera/cpctelera.lib
                                          [ cpct_removeInterruptHandler.rel ]
/home/pablo/cpctelera/cpctelera/cpctelera/cpctelera.lib
                                          [ cpct_drawSolidBox_asmbindings.re ]
/home/pablo/cpctelera/cpctelera/cpctelera/cpctelera.lib
                                          [ cpc_mode_rom_status.rel ]
/home/pablo/cpctelera/cpctelera/cpctelera/cpctelera.lib
                                          [ cpct_getScreenPtr_asmbindings.re ]
/home/pablo/cpctelera/cpctelera/cpctelera/cpctelera.lib
                                          [ cpct_scanKeyboard.rel ]

ASxxxx Linker V03.00 + NoICE + sdld,  page 11.

User Base Address Definitions

_CODE = 0x4000
_DATA = 0x0000

